Archive member included to satisfy reference by file (symbol)

/media/tamas/Data/RIOT/RIOT/examples/my_project/bin/native/application_my_project.a(main.o)
                              /usr/lib/gcc/x86_64-linux-gnu/5/../../../../lib32/crt1.o (main)
/media/tamas/Data/RIOT/RIOT/examples/my_project/bin/native/board.a(board_init.o)
                              /media/tamas/Data/RIOT/RIOT/examples/my_project/bin/native/cpu/startup.o (board_init)
/media/tamas/Data/RIOT/RIOT/examples/my_project/bin/native/core.a(kernel_init.o)
                              /media/tamas/Data/RIOT/RIOT/examples/my_project/bin/native/cpu/startup.o (kernel_init)
/media/tamas/Data/RIOT/RIOT/examples/my_project/bin/native/core.a(thread.o)
                              /media/tamas/Data/RIOT/RIOT/examples/my_project/bin/native/core.a(kernel_init.o) (thread_create)
/media/tamas/Data/RIOT/RIOT/examples/my_project/bin/native/core.a(assert.o)
                              /media/tamas/Data/RIOT/RIOT/examples/my_project/bin/native/cpu/startup.o (_assert_failure)
/media/tamas/Data/RIOT/RIOT/examples/my_project/bin/native/core.a(panic.o)
                              /media/tamas/Data/RIOT/RIOT/examples/my_project/bin/native/core.a(assert.o) (assert_crash_message)
/media/tamas/Data/RIOT/RIOT/examples/my_project/bin/native/core.a(sched.o)
                              /media/tamas/Data/RIOT/RIOT/examples/my_project/bin/native/core.a(thread.o) (sched_num_threads)
/media/tamas/Data/RIOT/RIOT/examples/my_project/bin/native/cpu.a(syscalls.o)
                              /media/tamas/Data/RIOT/RIOT/examples/my_project/bin/native/cpu/startup.o (real_exit)
/media/tamas/Data/RIOT/RIOT/examples/my_project/bin/native/cpu.a(irq_cpu.o)
                              /media/tamas/Data/RIOT/RIOT/examples/my_project/bin/native/cpu.a(syscalls.o) (native_interrupts_enabled)
/media/tamas/Data/RIOT/RIOT/examples/my_project/bin/native/cpu.a(native_cpu.o)
                              /media/tamas/Data/RIOT/RIOT/examples/my_project/bin/native/core.a(thread.o) (thread_stack_init)
/media/tamas/Data/RIOT/RIOT/examples/my_project/bin/native/cpu.a(tramp.o)
                              /media/tamas/Data/RIOT/RIOT/examples/my_project/bin/native/cpu.a(irq_cpu.o) (_native_sig_leave_tramp)
/media/tamas/Data/RIOT/RIOT/examples/my_project/bin/native/native-drivers.a(native-led.o)
                              /media/tamas/Data/RIOT/RIOT/examples/my_project/bin/native/board.a(board_init.o) (_native_LED_GREEN_ON)
/media/tamas/Data/RIOT/RIOT/examples/my_project/bin/native/periph.a(uart.o)
                              /media/tamas/Data/RIOT/RIOT/examples/my_project/bin/native/cpu/startup.o (tty_uart_setup)
/media/tamas/Data/RIOT/RIOT/examples/my_project/bin/native/periph.a(pm.o)
                              /media/tamas/Data/RIOT/RIOT/examples/my_project/bin/native/core.a(kernel_init.o) (pm_set_lowest)
/media/tamas/Data/RIOT/RIOT/examples/my_project/bin/native/ps.a(ps.o)
                              /media/tamas/Data/RIOT/RIOT/examples/my_project/bin/native/core.a(panic.o) (ps)
/media/tamas/Data/RIOT/RIOT/examples/my_project/bin/native/pthread.a(pthread_mutex.o)
                              /media/tamas/Data/RIOT/RIOT/examples/my_project/bin/native/application_my_project.a(main.o) (pthread_mutex_init)
/media/tamas/Data/RIOT/RIOT/examples/my_project/bin/native/pthread.a(pthread_cond.o)
                              /media/tamas/Data/RIOT/RIOT/examples/my_project/bin/native/application_my_project.a(main.o) (pthread_cond_init)
/media/tamas/Data/RIOT/RIOT/examples/my_project/bin/native/pthread.a(pthread.o)
                              /media/tamas/Data/RIOT/RIOT/examples/my_project/bin/native/application_my_project.a(main.o) (pthread_exit)
/media/tamas/Data/RIOT/RIOT/examples/my_project/bin/native/xtimer.a(xtimer_core.o)
                              /media/tamas/Data/RIOT/RIOT/examples/my_project/bin/native/cpu.a(syscalls.o) (_xtimer_now64)
/media/tamas/Data/RIOT/RIOT/examples/my_project/bin/native/xtimer.a(xtimer.o)
                              /media/tamas/Data/RIOT/RIOT/examples/my_project/bin/native/application_my_project.a(main.o) (_xtimer_tsleep)
/media/tamas/Data/RIOT/RIOT/examples/my_project/bin/native/periph_common.a(init.o)
                              /media/tamas/Data/RIOT/RIOT/examples/my_project/bin/native/cpu/startup.o (periph_init)
/media/tamas/Data/RIOT/RIOT/examples/my_project/bin/native/auto_init.a(auto_init.o)
                              /media/tamas/Data/RIOT/RIOT/examples/my_project/bin/native/core.a(kernel_init.o) (auto_init)
/media/tamas/Data/RIOT/RIOT/examples/my_project/bin/native/auto_init_gnrc_netif.a(auto_init_netdev_tap.o)
                              /media/tamas/Data/RIOT/RIOT/examples/my_project/bin/native/auto_init.a(auto_init.o) (auto_init_netdev_tap)
/media/tamas/Data/RIOT/RIOT/examples/my_project/bin/native/core.a(mutex.o)
[...]
Memory Configuration

Name             Origin             Length             Attributes
*default*        0x0000000000000000 0xffffffffffffffff

Linker script and memory map

LOAD /usr/lib/gcc/x86_64-linux-gnu/5/../../../../lib32/crt1.o
LOAD /usr/lib/gcc/x86_64-linux-gnu/5/../../../../lib32/crti.o
LOAD /usr/lib/gcc/x86_64-linux-gnu/5/32/crtbegin.o
LOAD /media/tamas/Data/RIOT/RIOT/examples/my_project/bin/native/cpu/startup.o
START GROUP
LOAD /media/tamas/Data/RIOT/RIOT/examples/my_project/bin/native/application_my_project.a
LOAD /media/tamas/Data/RIOT/RIOT/examples/my_project/bin/native/auto_init.a
LOAD /media/tamas/Data/RIOT/RIOT/examples/my_project/bin/native/auto_init_gnrc_netif.a
LOAD /media/tamas/Data/RIOT/RIOT/examples/my_project/bin/native/board.a
LOAD /media/tamas/Data/RIOT/RIOT/examples/my_project/bin/native/core.a
LOAD /media/tamas/Data/RIOT/RIOT/examples/my_project/bin/native/cpu.a
LOAD /media/tamas/Data/RIOT/RIOT/examples/my_project/bin/native/div.a
LOAD /media/tamas/Data/RIOT/RIOT/examples/my_project/bin/native/fmt.a
LOAD /media/tamas/Data/RIOT/RIOT/examples/my_project/bin/native/gnrc.a
LOAD /media/tamas/Data/RIOT/RIOT/examples/my_project/bin/native/gnrc_netapi.a
LOAD /media/tamas/Data/RIOT/RIOT/examples/my_project/bin/native/gnrc_netif.a
LOAD /media/tamas/Data/RIOT/RIOT/examples/my_project/bin/native/gnrc_netif_hdr.a
LOAD /media/tamas/Data/RIOT/RIOT/examples/my_project/bin/native/gnrc_netreg.a
LOAD /media/tamas/Data/RIOT/RIOT/examples/my_project/bin/native/gnrc_pkt.a
LOAD /media/tamas/Data/RIOT/RIOT/examples/my_project/bin/native/gnrc_pktbuf.a
LOAD /media/tamas/Data/RIOT/RIOT/examples/my_project/bin/native/gnrc_pktbuf_static.a
LOAD /media/tamas/Data/RIOT/RIOT/examples/my_project/bin/native/gnrc_pktdump.a
LOAD /media/tamas/Data/RIOT/RIOT/examples/my_project/bin/native/iolist.a
LOAD /media/tamas/Data/RIOT/RIOT/examples/my_project/bin/native/native-drivers.a
LOAD /media/tamas/Data/RIOT/RIOT/examples/my_project/bin/native/netdev_eth.a
LOAD /media/tamas/Data/RIOT/RIOT/examples/my_project/bin/native/netdev_tap.a
LOAD /media/tamas/Data/RIOT/RIOT/examples/my_project/bin/native/od.a
LOAD /media/tamas/Data/RIOT/RIOT/examples/my_project/bin/native/periph.a
LOAD /media/tamas/Data/RIOT/RIOT/examples/my_project/bin/native/posix.a
LOAD /media/tamas/Data/RIOT/RIOT/examples/my_project/bin/native/ps.a
LOAD /media/tamas/Data/RIOT/RIOT/examples/my_project/bin/native/pthread.a
LOAD /media/tamas/Data/RIOT/RIOT/examples/my_project/bin/native/sys.a
LOAD /media/tamas/Data/RIOT/RIOT/examples/my_project/bin/native/timex.a
LOAD /media/tamas/Data/RIOT/RIOT/examples/my_project/bin/native/xtimer.a
LOAD /media/tamas/Data/RIOT/RIOT/examples/my_project/bin/native/periph_common.a
LOAD /usr/lib/gcc/x86_64-linux-gnu/5/../../../../lib32/libm.so
END GROUP
LOAD /usr/lib/gcc/x86_64-linux-gnu/5/../../../../lib32/libdl.so
LOAD /usr/lib/gcc/x86_64-linux-gnu/5/32/libgcc.a
LOAD /usr/lib/gcc/x86_64-linux-gnu/5/32/libgcc_s.so
LOAD /usr/lib/gcc/x86_64-linux-gnu/5/../../../../lib32/libc.so
START GROUP
LOAD /lib32/libc.so.6
LOAD /usr/lib32/libc_nonshared.a
LOAD /lib32/ld-linux.so.2
END GROUP
LOAD /usr/lib/gcc/x86_64-linux-gnu/5/32/libgcc.a
LOAD /usr/lib/gcc/x86_64-linux-gnu/5/32/libgcc_s.so
LOAD /usr/lib/gcc/x86_64-linux-gnu/5/32/crtend.o
LOAD /usr/lib/gcc/x86_64-linux-gnu/5/../../../../lib32/crtn.o
                [!provide]                        PROVIDE (__executable_start, 0x8048000)
                0x0000000008048154                . = (0x8048000 + SIZEOF_HEADERS)

.interp         0x0000000008048154       0x13
 *(.interp)
 .interp        0x0000000008048154       0x13 /usr/lib/gcc/x86_64-linux-gnu/5/../../../../lib32/crt1.o

.note.ABI-tag   0x0000000008048168       0x20
 .note.ABI-tag  0x0000000008048168       0x20 /usr/lib/gcc/x86_64-linux-gnu/5/../../../../lib32/crt1.o

.note.gnu.build-id
                0x0000000008048188       0x24
 *(.note.gnu.build-id)
 .note.gnu.build-id
                0x0000000008048188       0x24 /usr/lib/gcc/x86_64-linux-gnu/5/../../../../lib32/crt1.o

.hash
 *(.hash)

.gnu.hash       0x00000000080481ac      0x158
 *(.gnu.hash)
 .gnu.hash      0x00000000080481ac      0x158 /usr/lib/gcc/x86_64-linux-gnu/5/../../../../lib32/crt1.o

.dynsym         0x0000000008048304      0x470
 *(.dynsym)
 .dynsym        0x0000000008048304      0x470 /usr/lib/gcc/x86_64-linux-gnu/5/../../../../lib32/crt1.o

.dynstr         0x0000000008048774      0x335
 *(.dynstr)
 .dynstr        0x0000000008048774      0x335 /usr/lib/gcc/x86_64-linux-gnu/5/../../../../lib32/crt1.o

.gnu.version    0x0000000008048aaa       0x8e
 *(.gnu.version)
 .gnu.version   0x0000000008048aaa       0x8e /usr/lib/gcc/x86_64-linux-gnu/5/../../../../lib32/crt1.o

.gnu.version_d  0x0000000008048b38        0x0
 *(.gnu.version_d)
 .gnu.version_d
                0x0000000008048b38        0x0 /usr/lib/gcc/x86_64-linux-gnu/5/../../../../lib32/crt1.o

.gnu.version_r  0x0000000008048b38       0x60
 *(.gnu.version_r)
 .gnu.version_r
                0x0000000008048b38       0x60 /usr/lib/gcc/x86_64-linux-gnu/5/../../../../lib32/crt1.o

.rel.dyn        0x0000000008048b98       0x20
 *(.rel.init)
 *(.rel.text .rel.text.* .rel.gnu.linkonce.t.*)
 .rel.text      0x0000000008048b98        0x0 /usr/lib/gcc/x86_64-linux-gnu/5/../../../../lib32/crt1.o
 .rel.text._native_input
                0x0000000008048b98        0x0 /usr/lib/gcc/x86_64-linux-gnu/5/../../../../lib32/crt1.o
 .rel.text._native_log_output
                0x0000000008048b98        0x0 /usr/lib/gcc/x86_64-linux-gnu/5/../../../../lib32/crt1.o
 .rel.text.daemonize
                0x0000000008048b98        0x0 /usr/lib/gcc/x86_64-linux-gnu/5/../../../../lib32/crt1.o
 .rel.text.filter_daemonize_argv
                0x0000000008048b98        0x0 /usr/lib/gcc/x86_64-linux-gnu/5/../../../../lib32/crt1.o
 .rel.text.usage_exit
                0x0000000008048b98        0x0 /usr/lib/gcc/x86_64-linux-gnu/5/../../../../lib32/crt1.o
 .rel.text.startup
                0x0000000008048b98        0x0 /usr/lib/gcc/x86_64-linux-gnu/5/../../../../lib32/crt1.o
 .rel.text._xtimer_ticks_from_usec
                0x0000000008048b98        0x0 /usr/lib/gcc/x86_64-linux-gnu/5/../../../../lib32/crt1.o
 .rel.text._xtimer_ticks_from_usec64
                0x0000000008048b98        0x0 /usr/lib/gcc/x86_64-linux-gnu/5/../../../../lib32/crt1.o
 .rel.text._xtimer_tsleep32
                0x0000000008048b98        0x0 /usr/lib/gcc/x86_64-linux-gnu/5/../../../../lib32/crt1.o
 .rel.text._xtimer_tsleep64
                0x0000000008048b98        0x0 /usr/lib/gcc/x86_64-linux-gnu/5/../../../../lib32/crt1.o
 .rel.text.xtimer_usleep
                0x0000000008048b98        0x0 /usr/lib/gcc/x86_64-linux-gnu/5/../../../../lib32/crt1.o
 .rel.text.xtimer_sleep
                0x0000000008048b98        0x0 /usr/lib/gcc/x86_64-linux-gnu/5/../../../../lib32/crt1.o
 .rel.text.setSystemInputs
                0x0000000008048b98        0x0 /usr/lib/gcc/x86_64-linux-gnu/5/../../../../lib32/crt1.o
 .rel.text.handleInput
                0x0000000008048b98        0x0 /usr/lib/gcc/x86_64-linux-gnu/5/../../../../lib32/crt1.o
 .rel.text.handleData
                0x0000000008048b98        0x0 /usr/lib/gcc/x86_64-linux-gnu/5/../../../../lib32/crt1.o
 .rel.text.handleOutput
                0x0000000008048b98        0x0 /usr/lib/gcc/x86_64-linux-gnu/5/../../../../lib32/crt1.o
 .rel.text.main
                0x0000000008048b98        0x0 /usr/lib/gcc/x86_64-linux-gnu/5/../../../../lib32/crt1.o
 .rel.text.board_init
                0x0000000008048b98        0x0 /usr/lib/gcc/x86_64-linux-gnu/5/../../../../lib32/crt1.o
 .rel.text.main_trampoline
                0x0000000008048b98        0x0 /usr/lib/gcc/x86_64-linux-gnu/5/../../../../lib32/crt1.o
 .rel.text.idle_thread
                0x0000000008048b98        0x0 /usr/lib/gcc/x86_64-linux-gnu/5/../../../../lib32/crt1.o
 .rel.text.kernel_init
                0x0000000008048b98        0x0 /usr/lib/gcc/x86_64-linux-gnu/5/../../../../lib32/crt1.o
 .rel.text.clist_lpoprpush
                0x0000000008048b98        0x0 /usr/lib/gcc/x86_64-linux-gnu/5/../../../../lib32/crt1.o
 .rel.text.cib_init
                0x0000000008048b98        0x0 /usr/lib/gcc/x86_64-linux-gnu/5/../../../../lib32/crt1.o
 .rel.text.pid_is_valid
                0x0000000008048b98        0x0 /usr/lib/gcc/x86_64-linux-gnu/5/../../../../lib32/crt1.o
 .rel.text.thread_get
                0x0000000008048b98        0x0 /usr/lib/gcc/x86_64-linux-gnu/5/../../../../lib32/crt1.o
 .rel.text.thread_getstatus
                0x0000000008048b98        0x0 /usr/lib/gcc/x86_64-linux-gnu/5/../../../../lib32/crt1.o
 .rel.text.thread_getname
                0x0000000008048b98        0x0 /usr/lib/gcc/x86_64-linux-gnu/5/../../../../lib32/crt1.o
 .rel.text.thread_sleep
                0x0000000008048b98        0x0 /usr/lib/gcc/x86_64-linux-gnu/5/../../../../lib32/crt1.o
 .rel.text.thread_wakeup
                0x0000000008048b98        0x0 /usr/lib/gcc/x86_64-linux-gnu/5/../../../../lib32/crt1.o
 .rel.text.thread_yield
                0x0000000008048b98        0x0 /usr/lib/gcc/x86_64-linux-gnu/5/../../../../lib32/crt1.o
 .rel.text.thread_add_to_list
                0x0000000008048b98        0x0 /usr/lib/gcc/x86_64-linux-gnu/5/../../../../lib32/crt1.o
 .rel.text.thread_measure_stack_free
                0x0000000008048b98        0x0 /usr/lib/gcc/x86_64-linux-gnu/5/../../../../lib32/crt1.o
 .rel.text.thread_create
                0x0000000008048b98        0x0 /usr/lib/gcc/x86_64-linux-gnu/5/../../../../lib32/crt1.o
 .rel.text._assert_failure
                0x0000000008048b98        0x0 /usr/lib/gcc/x86_64-linux-gnu/5/../../../../lib32/crt1.o
 .rel.text.panic_arch
                0x0000000008048b98        0x0 /usr/lib/gcc/x86_64-linux-gnu/5/../../../../lib32/crt1.o
 .rel.text.core_panic
                0x0000000008048b98        0x0 /usr/lib/gcc/x86_64-linux-gnu/5/../../../../lib32/crt1.o
 .rel.text.bitarithm_lsb
                0x0000000008048b98        0x0 /usr/lib/gcc/x86_64-linux-gnu/5/../../../../lib32/crt1.o
 .rel.text.clist_rpush
                0x0000000008048b98        0x0 /usr/lib/gcc/x86_64-linux-gnu/5/../../../../lib32/crt1.o
 .rel.text.clist_lpop
                0x0000000008048b98        0x0 /usr/lib/gcc/x86_64-linux-gnu/5/../../../../lib32/crt1.o
 .rel.text.sched_run
                0x0000000008048b98        0x0 /usr/lib/gcc/x86_64-linux-gnu/5/../../../../lib32/crt1.o
 .rel.text.sched_set_status
                0x0000000008048b98        0x0 /usr/lib/gcc/x86_64-linux-gnu/5/../../../../lib32/crt1.o
 .rel.text.sched_switch
                0x0000000008048b98        0x0 /usr/lib/gcc/x86_64-linux-gnu/5/../../../../lib32/crt1.o
 .rel.text.sched_task_exit
                0x0000000008048b98        0x0 /usr/lib/gcc/x86_64-linux-gnu/5/../../../../lib32/crt1.o
 .rel.text._xtimer_usec_from_ticks64
                0x0000000008048b98        0x0 /usr/lib/gcc/x86_64-linux-gnu/5/../../../../lib32/crt1.o
 .rel.text.xtimer_now64
                0x0000000008048b98        0x0 /usr/lib/gcc/x86_64-linux-gnu/5/../../../../lib32/crt1.o
 .rel.text.xtimer_now_usec64
                0x0000000008048b98        0x0 /usr/lib/gcc/x86_64-linux-gnu/5/../../../../lib32/crt1.o
 .rel.text.xtimer_usec_from_ticks64
                0x0000000008048b98        0x0 /usr/lib/gcc/x86_64-linux-gnu/5/../../../../lib32/crt1.o
 .rel.text._native_syscall_enter
                0x0000000008048b98        0x0 /usr/lib/gcc/x86_64-linux-gnu/5/../../../../lib32/crt1.o
 .rel.text._native_syscall_leave
                0x0000000008048b98        0x0 /usr/lib/gcc/x86_64-linux-gnu/5/../../../../lib32/crt1.o
 .rel.text.malloc
                0x0000000008048b98        0x0 /usr/lib/gcc/x86_64-linux-gnu/5/../../../../lib32/crt1.o
 .rel.text.free
                0x0000000008048b98        0x0 /usr/lib/gcc/x86_64-linux-gnu/5/../../../../lib32/crt1.o
 .rel.text.calloc
                0x0000000008048b98        0x0 /usr/lib/gcc/x86_64-linux-gnu/5/../../../../lib32/crt1.o
 .rel.text.realloc
                0x0000000008048b98        0x0 /usr/lib/gcc/x86_64-linux-gnu/5/../../../../lib32/crt1.o
 .rel.text._native_read
                0x0000000008048b98        0x0 /usr/lib/gcc/x86_64-linux-gnu/5/../../../../lib32/crt1.o
 .rel.text._native_write
                0x0000000008048b98        0x0 /usr/lib/gcc/x86_64-linux-gnu/5/../../../../lib32/crt1.o
 .rel.text._native_writev
                0x0000000008048b98        0x0 /usr/lib/gcc/x86_64-linux-gnu/5/../../../../lib32/crt1.o
 .rel.text.putchar
                0x0000000008048b98        0x0 /usr/lib/gcc/x86_64-linux-gnu/5/../../../../lib32/crt1.o
 .rel.text.puts
                0x0000000008048b98        0x0 /usr/lib/gcc/x86_64-linux-gnu/5/../../../../lib32/crt1.o
 .rel.text.make_message
                0x0000000008048b98        0x0 /usr/lib/gcc/x86_64-linux-gnu/5/../../../../lib32/crt1.o
 .rel.text.printf
                0x0000000008048b98        0x0 /usr/lib/gcc/x86_64-linux-gnu/5/../../../../lib32/crt1.o
 .rel.text.vprintf
                0x0000000008048b98        0x0 /usr/lib/gcc/x86_64-linux-gnu/5/../../../../lib32/crt1.o
 .rel.text.fprintf
                0x0000000008048b98        0x0 /usr/lib/gcc/x86_64-linux-gnu/5/../../../../lib32/crt1.o
 .rel.text.vfprintf
                0x0000000008048b98        0x0 /usr/lib/gcc/x86_64-linux-gnu/5/../../../../lib32/crt1.o
 .rel.text.vwarn
                0x0000000008048b98        0x0 /usr/lib/gcc/x86_64-linux-gnu/5/../../../../lib32/crt1.o
 .rel.text.vwarnx
                0x0000000008048b98        0x0 /usr/lib/gcc/x86_64-linux-gnu/5/../../../../lib32/crt1.o
 .rel.text.warn
                0x0000000008048b98        0x0 /usr/lib/gcc/x86_64-linux-gnu/5/../../../../lib32/crt1.o
 .rel.text.warnx
                0x0000000008048b98        0x0 /usr/lib/gcc/x86_64-linux-gnu/5/../../../../lib32/crt1.o
 .rel.text.getpid
                0x0000000008048b98        0x0 /usr/lib/gcc/x86_64-linux-gnu/5/../../../../lib32/crt1.o
 .rel.text._gettimeofday
                0x0000000008048b98        0x0 /usr/lib/gcc/x86_64-linux-gnu/5/../../../../lib32/crt1.o
 .rel.text._native_init_syscalls
                0x0000000008048b98        0x0 /usr/lib/gcc/x86_64-linux-gnu/5/../../../../lib32/crt1.o
 .rel.text.thread_isr_stack_pointer
                0x0000000008048b98        0x0 /usr/lib/gcc/x86_64-linux-gnu/5/../../../../lib32/crt1.o
 .rel.text.thread_isr_stack_start
                0x0000000008048b98        0x0 /usr/lib/gcc/x86_64-linux-gnu/5/../../../../lib32/crt1.o
 .rel.text.print_thread_sigmask
                0x0000000008048b98        0x0 /usr/lib/gcc/x86_64-linux-gnu/5/../../../../lib32/crt1.o
 .rel.text.print_sigmasks
                0x0000000008048b98        0x0 /usr/lib/gcc/x86_64-linux-gnu/5/../../../../lib32/crt1.o
 .rel.text.native_print_signals
                0x0000000008048b98        0x0 /usr/lib/gcc/x86_64-linux-gnu/5/../../../../lib32/crt1.o
 .rel.text.irq_disable
                0x0000000008048b98        0x0 /usr/lib/gcc/x86_64-linux-gnu/5/../../../../lib32/crt1.o
 .rel.text.irq_enable
                0x0000000008048b98        0x0 /usr/lib/gcc/x86_64-linux-gnu/5/../../../../lib32/crt1.o
 .rel.text.irq_restore
                0x0000000008048b98        0x0 /usr/lib/gcc/x86_64-linux-gnu/5/../../../../lib32/crt1.o
 .rel.text.irq_is_in
                0x0000000008048b98        0x0 /usr/lib/gcc/x86_64-linux-gnu/5/../../../../lib32/crt1.o
 .rel.text._native_popsig
                0x0000000008048b98        0x0 /usr/lib/gcc/x86_64-linux-gnu/5/../../../../lib32/crt1.o
 .rel.text.native_irq_handler
                0x0000000008048b98        0x0 /usr/lib/gcc/x86_64-linux-gnu/5/../../../../lib32/crt1.o
 .rel.text.isr_set_sigmask
                0x0000000008048b98        0x0 /usr/lib/gcc/x86_64-linux-gnu/5/../../../../lib32/crt1.o
 .rel.text.native_isr_entry
                0x0000000008048b98        0x0 /usr/lib/gcc/x86_64-linux-gnu/5/../../../../lib32/crt1.o
 .rel.text.set_signal_handler
                0x0000000008048b98        0x0 /usr/lib/gcc/x86_64-linux-gnu/5/../../../../lib32/crt1.o
 .rel.text.register_interrupt
                0x0000000008048b98        0x0 /usr/lib/gcc/x86_64-linux-gnu/5/../../../../lib32/crt1.o
 .rel.text.unregister_interrupt
                0x0000000008048b98        0x0 /usr/lib/gcc/x86_64-linux-gnu/5/../../../../lib32/crt1.o
 .rel.text.native_shutdown
                0x0000000008048b98        0x0 /usr/lib/gcc/x86_64-linux-gnu/5/../../../../lib32/crt1.o
 .rel.text.native_interrupt_init
                0x0000000008048b98        0x0 /usr/lib/gcc/x86_64-linux-gnu/5/../../../../lib32/crt1.o
 .rel.text._native_mod_ctx_leave_sigh
                0x0000000008048b98        0x0 /usr/lib/gcc/x86_64-linux-gnu/5/../../../../lib32/crt1.o
 .rel.text.thread_print_stack
                0x0000000008048b98        0x0 /usr/lib/gcc/x86_64-linux-gnu/5/../../../../lib32/crt1.o
 .rel.text.thread_isr_stack_usage
                0x0000000008048b98        0x0 /usr/lib/gcc/x86_64-linux-gnu/5/../../../../lib32/crt1.o
 .rel.text.thread_stack_init
                0x0000000008048b98        0x0 /usr/lib/gcc/x86_64-linux-gnu/5/../../../../lib32/crt1.o
 .rel.text.isr_cpu_switch_context_exit
                0x0000000008048b98        0x0 /usr/lib/gcc/x86_64-linux-gnu/5/../../../../lib32/crt1.o
 .rel.text.cpu_switch_context_exit
                0x0000000008048b98        0x0 /usr/lib/gcc/x86_64-linux-gnu/5/../../../../lib32/crt1.o
 .rel.text.isr_thread_yield
                0x0000000008048b98        0x0 /usr/lib/gcc/x86_64-linux-gnu/5/../../../../lib32/crt1.o
 .rel.text.thread_yield_higher
                0x0000000008048b98        0x0 /usr/lib/gcc/x86_64-linux-gnu/5/../../../../lib32/crt1.o
 .rel.text.native_cpu_init
                0x0000000008048b98        0x0 /usr/lib/gcc/x86_64-linux-gnu/5/../../../../lib32/crt1.o
 .rel.text._native_LED_GREEN_OFF
                0x0000000008048b98        0x0 /usr/lib/gcc/x86_64-linux-gnu/5/../../../../lib32/crt1.o
 .rel.text._native_LED_GREEN_ON
                0x0000000008048b98        0x0 /usr/lib/gcc/x86_64-linux-gnu/5/../../../../lib32/crt1.o
 .rel.text._native_LED_GREEN_TOGGLE
                0x0000000008048b98        0x0 /usr/lib/gcc/x86_64-linux-gnu/5/../../../../lib32/crt1.o
 .rel.text._native_LED_RED_OFF
                0x0000000008048b98        0x0 /usr/lib/gcc/x86_64-linux-gnu/5/../../../../lib32/crt1.o
 .rel.text._native_LED_RED_ON
                0x0000000008048b98        0x0 /usr/lib/gcc/x86_64-linux-gnu/5/../../../../lib32/crt1.o
 .rel.text._native_LED_RED_TOGGLE
                0x0000000008048b98        0x0 /usr/lib/gcc/x86_64-linux-gnu/5/../../../../lib32/crt1.o
 .rel.text.tty_uart_setup
                0x0000000008048b98        0x0 /usr/lib/gcc/x86_64-linux-gnu/5/../../../../lib32/crt1.o
 .rel.text.io_signal_handler
                0x0000000008048b98        0x0 /usr/lib/gcc/x86_64-linux-gnu/5/../../../../lib32/crt1.o
 .rel.text.uart_init
                0x0000000008048b98        0x0 /usr/lib/gcc/x86_64-linux-gnu/5/../../../../lib32/crt1.o
 .rel.text.uart_write
                0x0000000008048b98        0x0 /usr/lib/gcc/x86_64-linux-gnu/5/../../../../lib32/crt1.o
 .rel.text.uart_poweron
                0x0000000008048b98        0x0 /usr/lib/gcc/x86_64-linux-gnu/5/../../../../lib32/crt1.o
 .rel.text.uart_poweroff
                0x0000000008048b98        0x0 /usr/lib/gcc/x86_64-linux-gnu/5/../../../../lib32/crt1.o
 .rel.text.pm_set_lowest
                0x0000000008048b98        0x0 /usr/lib/gcc/x86_64-linux-gnu/5/../../../../lib32/crt1.o
 .rel.text.pm_reboot
                0x0000000008048b98        0x0 /usr/lib/gcc/x86_64-linux-gnu/5/../../../../lib32/crt1.o
 .rel.text.ps   0x0000000008048b98        0x0 /usr/lib/gcc/x86_64-linux-gnu/5/../../../../lib32/crt1.o
 .rel.text.mutex_init
                0x0000000008048b98        0x0 /usr/lib/gcc/x86_64-linux-gnu/5/../../../../lib32/crt1.o
 .rel.text.mutex_trylock
                0x0000000008048b98        0x0 /usr/lib/gcc/x86_64-linux-gnu/5/../../../../lib32/crt1.o
 .rel.text.mutex_lock
                0x0000000008048b98        0x0 /usr/lib/gcc/x86_64-linux-gnu/5/../../../../lib32/crt1.o
 .rel.text.pthread_mutex_init
                0x0000000008048b98        0x0 /usr/lib/gcc/x86_64-linux-gnu/5/../../../../lib32/crt1.o
 .rel.text.pthread_mutex_destroy
                0x0000000008048b98        0x0 /usr/lib/gcc/x86_64-linux-gnu/5/../../../../lib32/crt1.o
 .rel.text.pthread_mutex_trylock
                0x0000000008048b98        0x0 /usr/lib/gcc/x86_64-linux-gnu/5/../../../../lib32/crt1.o
 .rel.text.pthread_mutex_lock
                0x0000000008048b98        0x0 /usr/lib/gcc/x86_64-linux-gnu/5/../../../../lib32/crt1.o
 .rel.text.pthread_mutex_timedlock
                0x0000000008048b98        0x0 /usr/lib/gcc/x86_64-linux-gnu/5/../../../../lib32/crt1.o
 .rel.text.pthread_mutex_unlock
                0x0000000008048b98        0x0 /usr/lib/gcc/x86_64-linux-gnu/5/../../../../lib32/crt1.o
 .rel.text.xtimer_set_wakeup64
                0x0000000008048b98        0x0 /usr/lib/gcc/x86_64-linux-gnu/5/../../../../lib32/crt1.o
 .rel.text.pthread_cond_condattr_destroy
                0x0000000008048b98        0x0 /usr/lib/gcc/x86_64-linux-gnu/5/../../../../lib32/crt1.o
 .rel.text.pthread_cond_condattr_init
                0x0000000008048b98        0x0 /usr/lib/gcc/x86_64-linux-gnu/5/../../../../lib32/crt1.o
 .rel.text.pthread_condattr_getpshared
                0x0000000008048b98        0x0 /usr/lib/gcc/x86_64-linux-gnu/5/../../../../lib32/crt1.o
 .rel.text.pthread_condattr_setpshared
                0x0000000008048b98        0x0 /usr/lib/gcc/x86_64-linux-gnu/5/../../../../lib32/crt1.o
 .rel.text.pthread_condattr_getclock
                0x0000000008048b98        0x0 /usr/lib/gcc/x86_64-linux-gnu/5/../../../../lib32/crt1.o
 .rel.text.pthread_condattr_setclock
                0x0000000008048b98        0x0 /usr/lib/gcc/x86_64-linux-gnu/5/../../../../lib32/crt1.o
 .rel.text.pthread_cond_init
                0x0000000008048b98        0x0 /usr/lib/gcc/x86_64-linux-gnu/5/../../../../lib32/crt1.o
 .rel.text.pthread_cond_destroy
                0x0000000008048b98        0x0 /usr/lib/gcc/x86_64-linux-gnu/5/../../../../lib32/crt1.o
 .rel.text._init_cond_wait
                0x0000000008048b98        0x0 /usr/lib/gcc/x86_64-linux-gnu/5/../../../../lib32/crt1.o
 .rel.text.pthread_cond_wait
                0x0000000008048b98        0x0 /usr/lib/gcc/x86_64-linux-gnu/5/../../../../lib32/crt1.o
 .rel.text.pthread_cond_timedwait
                0x0000000008048b98        0x0 /usr/lib/gcc/x86_64-linux-gnu/5/../../../../lib32/crt1.o
 .rel.text.pthread_cond_signal
                0x0000000008048b98        0x0 /usr/lib/gcc/x86_64-linux-gnu/5/../../../../lib32/crt1.o
 .rel.text.max_prio
                0x0000000008048b98        0x0 /usr/lib/gcc/x86_64-linux-gnu/5/../../../../lib32/crt1.o
 .rel.text.pthread_cond_broadcast
                0x0000000008048b98        0x0 /usr/lib/gcc/x86_64-linux-gnu/5/../../../../lib32/crt1.o
 .rel.text.insert
                0x0000000008048b98        0x0 /usr/lib/gcc/x86_64-linux-gnu/5/../../../../lib32/crt1.o
 .rel.text.pthread_reaper
                0x0000000008048b98        0x0 /usr/lib/gcc/x86_64-linux-gnu/5/../../../../lib32/crt1.o
 .rel.text.pthread_create
                0x0000000008048b98        0x0 /usr/lib/gcc/x86_64-linux-gnu/5/../../../../lib32/crt1.o
 .rel.text.pthread_exit
                0x0000000008048b98        0x0 /usr/lib/gcc/x86_64-linux-gnu/5/../../../../lib32/crt1.o
 .rel.text.pthread_join
                0x0000000008048b98        0x0 /usr/lib/gcc/x86_64-linux-gnu/5/../../../../lib32/crt1.o
 .rel.text.pthread_detach
                0x0000000008048b98        0x0 /usr/lib/gcc/x86_64-linux-gnu/5/../../../../lib32/crt1.o
 .rel.text.pthread_self
                0x0000000008048b98        0x0 /usr/lib/gcc/x86_64-linux-gnu/5/../../../../lib32/crt1.o
 .rel.text.pthread_cancel
                0x0000000008048b98        0x0 /usr/lib/gcc/x86_64-linux-gnu/5/../../../../lib32/crt1.o
 .rel.text.pthread_setcancelstate
                0x0000000008048b98        0x0 /usr/lib/gcc/x86_64-linux-gnu/5/../../../../lib32/crt1.o
 .rel.text.pthread_setcanceltype
                0x0000000008048b98        0x0 /usr/lib/gcc/x86_64-linux-gnu/5/../../../../lib32/crt1.o
 .rel.text.pthread_testcancel
                0x0000000008048b98        0x0 /usr/lib/gcc/x86_64-linux-gnu/5/../../../../lib32/crt1.o
 .rel.text.__pthread_cleanup_push
                0x0000000008048b98        0x0 /usr/lib/gcc/x86_64-linux-gnu/5/../../../../lib32/crt1.o
 .rel.text.__pthread_cleanup_pop
                0x0000000008048b98        0x0 /usr/lib/gcc/x86_64-linux-gnu/5/../../../../lib32/crt1.o
 .rel.text.__pthread_get_tls_head
                0x0000000008048b98        0x0 /usr/lib/gcc/x86_64-linux-gnu/5/../../../../lib32/crt1.o
 .rel.text._xtimer_lltimer_now
                0x0000000008048b98        0x0 /usr/lib/gcc/x86_64-linux-gnu/5/../../../../lib32/crt1.o
 .rel.text._xtimer_lltimer_mask
                0x0000000008048b98        0x0 /usr/lib/gcc/x86_64-linux-gnu/5/../../../../lib32/crt1.o
 .rel.text._xtimer_now
                0x0000000008048b98        0x0 /usr/lib/gcc/x86_64-linux-gnu/5/../../../../lib32/crt1.o
 .rel.text._xtimer_spin
                0x0000000008048b98        0x0 /usr/lib/gcc/x86_64-linux-gnu/5/../../../../lib32/crt1.o
 .rel.text._is_set
                0x0000000008048b98        0x0 /usr/lib/gcc/x86_64-linux-gnu/5/../../../../lib32/crt1.o
 .rel.text.xtimer_spin_until
                0x0000000008048b98        0x0 /usr/lib/gcc/x86_64-linux-gnu/5/../../../../lib32/crt1.o
 .rel.text.xtimer_init
                0x0000000008048b98        0x0 /usr/lib/gcc/x86_64-linux-gnu/5/../../../../lib32/crt1.o
 .rel.text._xtimer_now_internal
                0x0000000008048b98        0x0 /usr/lib/gcc/x86_64-linux-gnu/5/../../../../lib32/crt1.o
 .rel.text._xtimer_now64
                0x0000000008048b98        0x0 /usr/lib/gcc/x86_64-linux-gnu/5/../../../../lib32/crt1.o
 .rel.text._xtimer_set64
                0x0000000008048b98        0x0 /usr/lib/gcc/x86_64-linux-gnu/5/../../../../lib32/crt1.o
 .rel.text._xtimer_set
                0x0000000008048b98        0x0 /usr/lib/gcc/x86_64-linux-gnu/5/../../../../lib32/crt1.o
 .rel.text._periph_timer_callback
                0x0000000008048b98        0x0 /usr/lib/gcc/x86_64-linux-gnu/5/../../../../lib32/crt1.o
 .rel.text._shoot
                0x0000000008048b98        0x0 /usr/lib/gcc/x86_64-linux-gnu/5/../../../../lib32/crt1.o
 .rel.text._lltimer_set
                0x0000000008048b98        0x0 /usr/lib/gcc/x86_64-linux-gnu/5/../../../../lib32/crt1.o
 .rel.text._xtimer_set_absolute
                0x0000000008048b98        0x0 /usr/lib/gcc/x86_64-linux-gnu/5/../../../../lib32/crt1.o
 .rel.text._add_timer_to_list
                0x0000000008048b98        0x0 /usr/lib/gcc/x86_64-linux-gnu/5/../../../../lib32/crt1.o
 .rel.text._add_timer_to_long_list
                0x0000000008048b98        0x0 /usr/lib/gcc/x86_64-linux-gnu/5/../../../../lib32/crt1.o
 .rel.text._remove_timer_from_list
                0x0000000008048b98        0x0 /usr/lib/gcc/x86_64-linux-gnu/5/../../../../lib32/crt1.o
 .rel.text._remove
                0x0000000008048b98        0x0 /usr/lib/gcc/x86_64-linux-gnu/5/../../../../lib32/crt1.o
 .rel.text.xtimer_remove
                0x0000000008048b98        0x0 /usr/lib/gcc/x86_64-linux-gnu/5/../../../../lib32/crt1.o
 .rel.text._time_left
                0x0000000008048b98        0x0 /usr/lib/gcc/x86_64-linux-gnu/5/../../../../lib32/crt1.o
 .rel.text._this_high_period
                0x0000000008048b98        0x0 /usr/lib/gcc/x86_64-linux-gnu/5/../../../../lib32/crt1.o
 .rel.text._compare
                0x0000000008048b98        0x0 /usr/lib/gcc/x86_64-linux-gnu/5/../../../../lib32/crt1.o
 .rel.text._merge_lists
                0x0000000008048b98        0x0 /usr/lib/gcc/x86_64-linux-gnu/5/../../../../lib32/crt1.o
 .rel.text._select_long_timers
                0x0000000008048b98        0x0 /usr/lib/gcc/x86_64-linux-gnu/5/../../../../lib32/crt1.o
 .rel.text._next_period
                0x0000000008048b98        0x0 /usr/lib/gcc/x86_64-linux-gnu/5/../../../../lib32/crt1.o
 .rel.text._timer_callback
                0x0000000008048b98        0x0 /usr/lib/gcc/x86_64-linux-gnu/5/../../../../lib32/crt1.o
 .rel.text.list_remove
                0x0000000008048b98        0x0 /usr/lib/gcc/x86_64-linux-gnu/5/../../../../lib32/crt1.o
 .rel.text.div_u64_by_15625
                0x0000000008048b98        0x0 /usr/lib/gcc/x86_64-linux-gnu/5/../../../../lib32/crt1.o
 .rel.text.div_u64_by_1000000
                0x0000000008048b98        0x0 /usr/lib/gcc/x86_64-linux-gnu/5/../../../../lib32/crt1.o
 .rel.text._callback_unlock_mutex
                0x0000000008048b98        0x0 /usr/lib/gcc/x86_64-linux-gnu/5/../../../../lib32/crt1.o
 .rel.text._xtimer_tsleep
                0x0000000008048b98        0x0 /usr/lib/gcc/x86_64-linux-gnu/5/../../../../lib32/crt1.o
 .rel.text._xtimer_periodic_wakeup
                0x0000000008048b98        0x0 /usr/lib/gcc/x86_64-linux-gnu/5/../../../../lib32/crt1.o
 .rel.text._callback_msg
                0x0000000008048b98        0x0 /usr/lib/gcc/x86_64-linux-gnu/5/../../../../lib32/crt1.o
 .rel.text._setup_msg
                0x0000000008048b98        0x0 /usr/lib/gcc/x86_64-linux-gnu/5/../../../../lib32/crt1.o
 .rel.text._xtimer_set_msg
                0x0000000008048b98        0x0 /usr/lib/gcc/x86_64-linux-gnu/5/../../../../lib32/crt1.o
 .rel.text._xtimer_set_msg64
                0x0000000008048b98        0x0 /usr/lib/gcc/x86_64-linux-gnu/5/../../../../lib32/crt1.o
 .rel.text._callback_wakeup
                0x0000000008048b98        0x0 /usr/lib/gcc/x86_64-linux-gnu/5/../../../../lib32/crt1.o
 .rel.text._xtimer_set_wakeup
                0x0000000008048b98        0x0 /usr/lib/gcc/x86_64-linux-gnu/5/../../../../lib32/crt1.o
 .rel.text._xtimer_set_wakeup64
                0x0000000008048b98        0x0 /usr/lib/gcc/x86_64-linux-gnu/5/../../../../lib32/crt1.o
 .rel.text.xtimer_now_timex
                0x0000000008048b98        0x0 /usr/lib/gcc/x86_64-linux-gnu/5/../../../../lib32/crt1.o
 .rel.text._setup_timer_msg
                0x0000000008048b98        0x0 /usr/lib/gcc/x86_64-linux-gnu/5/../../../../lib32/crt1.o
 .rel.text._msg_wait
                0x0000000008048b98        0x0 /usr/lib/gcc/x86_64-linux-gnu/5/../../../../lib32/crt1.o
 .rel.text._xtimer_msg_receive_timeout64
                0x0000000008048b98        0x0 /usr/lib/gcc/x86_64-linux-gnu/5/../../../../lib32/crt1.o
 .rel.text._xtimer_msg_receive_timeout
                0x0000000008048b98        0x0 /usr/lib/gcc/x86_64-linux-gnu/5/../../../../lib32/crt1.o
 .rel.text._mutex_timeout
                0x0000000008048b98        0x0 /usr/lib/gcc/x86_64-linux-gnu/5/../../../../lib32/crt1.o
 .rel.text.xtimer_mutex_lock_timeout
                0x0000000008048b98        0x0 /usr/lib/gcc/x86_64-linux-gnu/5/../../../../lib32/crt1.o
 .rel.text.periph_init
                0x0000000008048b98        0x0 /usr/lib/gcc/x86_64-linux-gnu/5/../../../../lib32/crt1.o
 .rel.text.auto_init
                0x0000000008048b98        0x0 /usr/lib/gcc/x86_64-linux-gnu/5/../../../../lib32/crt1.o
 .rel.text.auto_init_netdev_tap
                0x0000000008048b98        0x0 /usr/lib/gcc/x86_64-linux-gnu/5/../../../../lib32/crt1.o
 .rel.text.list_remove_head
                0x0000000008048b98        0x0 /usr/lib/gcc/x86_64-linux-gnu/5/../../../../lib32/crt1.o
 .rel.text._mutex_lock
                0x0000000008048b98        0x0 /usr/lib/gcc/x86_64-linux-gnu/5/../../../../lib32/crt1.o
 .rel.text.mutex_unlock
                0x0000000008048b98        0x0 /usr/lib/gcc/x86_64-linux-gnu/5/../../../../lib32/crt1.o
 .rel.text.mutex_unlock_and_sleep
                0x0000000008048b98        0x0 /usr/lib/gcc/x86_64-linux-gnu/5/../../../../lib32/crt1.o
 .rel.text.priority_queue_remove
                0x0000000008048b98        0x0 /usr/lib/gcc/x86_64-linux-gnu/5/../../../../lib32/crt1.o
 .rel.text.priority_queue_remove_head
                0x0000000008048b98        0x0 /usr/lib/gcc/x86_64-linux-gnu/5/../../../../lib32/crt1.o
 .rel.text.priority_queue_add
                0x0000000008048b98        0x0 /usr/lib/gcc/x86_64-linux-gnu/5/../../../../lib32/crt1.o
 .rel.text.cib_avail
                0x0000000008048b98        0x0 /usr/lib/gcc/x86_64-linux-gnu/5/../../../../lib32/crt1.o
 .rel.text.cib_get
                0x0000000008048b98        0x0 /usr/lib/gcc/x86_64-linux-gnu/5/../../../../lib32/crt1.o
 .rel.text.cib_put
                0x0000000008048b98        0x0 /usr/lib/gcc/x86_64-linux-gnu/5/../../../../lib32/crt1.o
 .rel.text.queue_msg
                0x0000000008048b98        0x0 /usr/lib/gcc/x86_64-linux-gnu/5/../../../../lib32/crt1.o
 .rel.text.msg_send
                0x0000000008048b98        0x0 /usr/lib/gcc/x86_64-linux-gnu/5/../../../../lib32/crt1.o
 .rel.text.msg_try_send
                0x0000000008048b98        0x0 /usr/lib/gcc/x86_64-linux-gnu/5/../../../../lib32/crt1.o
 .rel.text._msg_send
                0x0000000008048b98        0x0 /usr/lib/gcc/x86_64-linux-gnu/5/../../../../lib32/crt1.o
 .rel.text.msg_send_to_self
                0x0000000008048b98        0x0 /usr/lib/gcc/x86_64-linux-gnu/5/../../../../lib32/crt1.o
 .rel.text.msg_send_int
                0x0000000008048b98        0x0 /usr/lib/gcc/x86_64-linux-gnu/5/../../../../lib32/crt1.o
 .rel.text.msg_send_receive
                0x0000000008048b98        0x0 /usr/lib/gcc/x86_64-linux-gnu/5/../../../../lib32/crt1.o
 .rel.text.msg_reply
                0x0000000008048b98        0x0 /usr/lib/gcc/x86_64-linux-gnu/5/../../../../lib32/crt1.o
 .rel.text.msg_reply_int
                0x0000000008048b98        0x0 /usr/lib/gcc/x86_64-linux-gnu/5/../../../../lib32/crt1.o
 .rel.text.msg_try_receive
                0x0000000008048b98        0x0 /usr/lib/gcc/x86_64-linux-gnu/5/../../../../lib32/crt1.o
 .rel.text.msg_receive
                0x0000000008048b98        0x0 /usr/lib/gcc/x86_64-linux-gnu/5/../../../../lib32/crt1.o
 .rel.text._msg_receive
                0x0000000008048b98        0x0 /usr/lib/gcc/x86_64-linux-gnu/5/../../../../lib32/crt1.o
 .rel.text.msg_avail
                0x0000000008048b98        0x0 /usr/lib/gcc/x86_64-linux-gnu/5/../../../../lib32/crt1.o
 .rel.text.msg_init_queue
                0x0000000008048b98        0x0 /usr/lib/gcc/x86_64-linux-gnu/5/../../../../lib32/crt1.o
 .rel.text.msg_queue_print
                0x0000000008048b98        0x0 /usr/lib/gcc/x86_64-linux-gnu/5/../../../../lib32/crt1.o
 .rel.text._async_io_isr
                0x0000000008048b98        0x0 /usr/lib/gcc/x86_64-linux-gnu/5/../../../../lib32/crt1.o
 .rel.text.native_async_read_setup
                0x0000000008048b98        0x0 /usr/lib/gcc/x86_64-linux-gnu/5/../../../../lib32/crt1.o
 .rel.text.native_async_read_cleanup
                0x0000000008048b98        0x0 /usr/lib/gcc/x86_64-linux-gnu/5/../../../../lib32/crt1.o
 .rel.text.native_async_read_continue
                0x0000000008048b98        0x0 /usr/lib/gcc/x86_64-linux-gnu/5/../../../../lib32/crt1.o
 .rel.text.native_async_read_add_handler
                0x0000000008048b98        0x0 /usr/lib/gcc/x86_64-linux-gnu/5/../../../../lib32/crt1.o
 .rel.text._div_mulhi64
                0x0000000008048b98        0x0 /usr/lib/gcc/x86_64-linux-gnu/5/../../../../lib32/crt1.o
 .rel.text.byteorder_swaps
                0x0000000008048b98        0x0 /usr/lib/gcc/x86_64-linux-gnu/5/../../../../lib32/crt1.o
 .rel.text.byteorder_htons
                0x0000000008048b98        0x0 /usr/lib/gcc/x86_64-linux-gnu/5/../../../../lib32/crt1.o
 .rel.text.byteorder_ntohs
                0x0000000008048b98        0x0 /usr/lib/gcc/x86_64-linux-gnu/5/../../../../lib32/crt1.o
 .rel.text.thread_getpid
                0x0000000008048b98        0x0 /usr/lib/gcc/x86_64-linux-gnu/5/../../../../lib32/crt1.o
 .rel.text.gnrc_nettype_from_ethertype
                0x0000000008048b98        0x0 /usr/lib/gcc/x86_64-linux-gnu/5/../../../../lib32/crt1.o
 .rel.text.gnrc_nettype_to_ethertype
                0x0000000008048b98        0x0 /usr/lib/gcc/x86_64-linux-gnu/5/../../../../lib32/crt1.o
 .rel.text.gnrc_pktbuf_release
                0x0000000008048b98        0x0 /usr/lib/gcc/x86_64-linux-gnu/5/../../../../lib32/crt1.o
 .rel.text.gnrc_netif_hdr_init
                0x0000000008048b98        0x0 /usr/lib/gcc/x86_64-linux-gnu/5/../../../../lib32/crt1.o
 .rel.text.gnrc_netif_hdr_get_src_addr
                0x0000000008048b98        0x0 /usr/lib/gcc/x86_64-linux-gnu/5/../../../../lib32/crt1.o
 .rel.text.gnrc_netif_hdr_set_src_addr
                0x0000000008048b98        0x0 /usr/lib/gcc/x86_64-linux-gnu/5/../../../../lib32/crt1.o
 .rel.text.gnrc_netif_hdr_get_dst_addr
                0x0000000008048b98        0x0 /usr/lib/gcc/x86_64-linux-gnu/5/../../../../lib32/crt1.o
 .rel.text.gnrc_netif_hdr_set_dst_addr
                0x0000000008048b98        0x0 /usr/lib/gcc/x86_64-linux-gnu/5/../../../../lib32/crt1.o
 .rel.text.gnrc_netif_ethernet_create
                0x0000000008048b98        0x0 /usr/lib/gcc/x86_64-linux-gnu/5/../../../../lib32/crt1.o
 .rel.text._addr_set_broadcast
                0x0000000008048b98        0x0 /usr/lib/gcc/x86_64-linux-gnu/5/../../../../lib32/crt1.o
 .rel.text._addr_set_multicast
                0x0000000008048b98        0x0 /usr/lib/gcc/x86_64-linux-gnu/5/../../../../lib32/crt1.o
 .rel.text._send
                0x0000000008048b98        0x0 /usr/lib/gcc/x86_64-linux-gnu/5/../../../../lib32/crt1.o
 .rel.text._recv
                0x0000000008048b98        0x0 /usr/lib/gcc/x86_64-linux-gnu/5/../../../../lib32/crt1.o
 .rel.text.gnrc_netapi_dispatch_receive
                0x0000000008048b98        0x0 /usr/lib/gcc/x86_64-linux-gnu/5/../../../../lib32/crt1.o
 .rel.text.rmutex_init
                0x0000000008048b98        0x0 /usr/lib/gcc/x86_64-linux-gnu/5/../../../../lib32/crt1.o
 .rel.text.gnrc_netif_create
                0x0000000008048b98        0x0 /usr/lib/gcc/x86_64-linux-gnu/5/../../../../lib32/crt1.o
 .rel.text.gnrc_netif_numof
                0x0000000008048b98        0x0 /usr/lib/gcc/x86_64-linux-gnu/5/../../../../lib32/crt1.o
 .rel.text.gnrc_netif_iter
                0x0000000008048b98        0x0 /usr/lib/gcc/x86_64-linux-gnu/5/../../../../lib32/crt1.o
 .rel.text.gnrc_netif_get_from_netdev
                0x0000000008048b98        0x0 /usr/lib/gcc/x86_64-linux-gnu/5/../../../../lib32/crt1.o
 .rel.text.gnrc_netif_set_from_netdev
                0x0000000008048b98        0x0 /usr/lib/gcc/x86_64-linux-gnu/5/../../../../lib32/crt1.o
 .rel.text.gnrc_netif_get_by_pid
                0x0000000008048b98        0x0 /usr/lib/gcc/x86_64-linux-gnu/5/../../../../lib32/crt1.o
 .rel.text._half_byte_to_char
                0x0000000008048b98        0x0 /usr/lib/gcc/x86_64-linux-gnu/5/../../../../lib32/crt1.o
 .rel.text.gnrc_netif_addr_to_str
                0x0000000008048b98        0x0 /usr/lib/gcc/x86_64-linux-gnu/5/../../../../lib32/crt1.o
 .rel.text._dehex
                0x0000000008048b98        0x0 /usr/lib/gcc/x86_64-linux-gnu/5/../../../../lib32/crt1.o
 .rel.text.gnrc_netif_addr_from_str
                0x0000000008048b98        0x0 /usr/lib/gcc/x86_64-linux-gnu/5/../../../../lib32/crt1.o
 .rel.text.gnrc_netif_acquire
                0x0000000008048b98        0x0 /usr/lib/gcc/x86_64-linux-gnu/5/../../../../lib32/crt1.o
 .rel.text.gnrc_netif_release
                0x0000000008048b98        0x0 /usr/lib/gcc/x86_64-linux-gnu/5/../../../../lib32/crt1.o
 .rel.text.gnrc_netif_is_6ln
                0x0000000008048b98        0x0 /usr/lib/gcc/x86_64-linux-gnu/5/../../../../lib32/crt1.o
 .rel.text._update_l2addr_from_dev
                0x0000000008048b98        0x0 /usr/lib/gcc/x86_64-linux-gnu/5/../../../../lib32/crt1.o
 .rel.text._init_from_device
                0x0000000008048b98        0x0 /usr/lib/gcc/x86_64-linux-gnu/5/../../../../lib32/crt1.o
 .rel.text._pass_on_packet
                0x0000000008048b98        0x0 /usr/lib/gcc/x86_64-linux-gnu/5/../../../../lib32/crt1.o
 .rel.text._event_cb
                0x0000000008048b98        0x0 /usr/lib/gcc/x86_64-linux-gnu/5/../../../../lib32/crt1.o
 .rel.text.gnrc_pkt_count
                0x0000000008048b98        0x0 /usr/lib/gcc/x86_64-linux-gnu/5/../../../../lib32/crt1.o
 .rel.text.gnrc_pktbuf_get_iovec
                0x0000000008048b98        0x0 /usr/lib/gcc/x86_64-linux-gnu/5/../../../../lib32/crt1.o
 .rel.text.gnrc_pktbuf_remove_snip
                0x0000000008048b98        0x0 /usr/lib/gcc/x86_64-linux-gnu/5/../../../../lib32/crt1.o
 .rel.text.gnrc_pktbuf_replace_snip
                0x0000000008048b98        0x0 /usr/lib/gcc/x86_64-linux-gnu/5/../../../../lib32/crt1.o
 .rel.text.gnrc_pkt_len_upto
                0x0000000008048b98        0x0 /usr/lib/gcc/x86_64-linux-gnu/5/../../../../lib32/crt1.o
 .rel.text._pktbuf_contains
                0x0000000008048b98        0x0 /usr/lib/gcc/x86_64-linux-gnu/5/../../../../lib32/crt1.o
 .rel.text._align
                0x0000000008048b98        0x0 /usr/lib/gcc/x86_64-linux-gnu/5/../../../../lib32/crt1.o
 .rel.text._set_pktsnip
                0x0000000008048b98        0x0 /usr/lib/gcc/x86_64-linux-gnu/5/../../../../lib32/crt1.o
 .rel.text.gnrc_pktbuf_init
                0x0000000008048b98        0x0 /usr/lib/gcc/x86_64-linux-gnu/5/../../../../lib32/crt1.o
 .rel.text.gnrc_pktbuf_add
                0x0000000008048b98        0x0 /usr/lib/gcc/x86_64-linux-gnu/5/../../../../lib32/crt1.o
 .rel.text.gnrc_pktbuf_mark
                0x0000000008048b98        0x0 /usr/lib/gcc/x86_64-linux-gnu/5/../../../../lib32/crt1.o
 .rel.text.gnrc_pktbuf_realloc_data
                0x0000000008048b98        0x0 /usr/lib/gcc/x86_64-linux-gnu/5/../../../../lib32/crt1.o
 .rel.text.gnrc_pktbuf_hold
                0x0000000008048b98        0x0 /usr/lib/gcc/x86_64-linux-gnu/5/../../../../lib32/crt1.o
 .rel.text._release_error_locked
                0x0000000008048b98        0x0 /usr/lib/gcc/x86_64-linux-gnu/5/../../../../lib32/crt1.o
 .rel.text.gnrc_pktbuf_release_error
                0x0000000008048b98        0x0 /usr/lib/gcc/x86_64-linux-gnu/5/../../../../lib32/crt1.o
 .rel.text.gnrc_pktbuf_start_write
                0x0000000008048b98        0x0 /usr/lib/gcc/x86_64-linux-gnu/5/../../../../lib32/crt1.o
 .rel.text._print_chunk
                0x0000000008048b98        0x0 /usr/lib/gcc/x86_64-linux-gnu/5/../../../../lib32/crt1.o
 .rel.text._print_unused
                0x0000000008048b98        0x0 /usr/lib/gcc/x86_64-linux-gnu/5/../../../../lib32/crt1.o
 .rel.text.gnrc_pktbuf_stats
                0x0000000008048b98        0x0 /usr/lib/gcc/x86_64-linux-gnu/5/../../../../lib32/crt1.o
 .rel.text._create_snip
                0x0000000008048b98        0x0 /usr/lib/gcc/x86_64-linux-gnu/5/../../../../lib32/crt1.o
 .rel.text._pktbuf_alloc
                0x0000000008048b98        0x0 /usr/lib/gcc/x86_64-linux-gnu/5/../../../../lib32/crt1.o
 .rel.text._too_small_hole
                0x0000000008048b98        0x0 /usr/lib/gcc/x86_64-linux-gnu/5/../../../../lib32/crt1.o
 .rel.text._merge
                0x0000000008048b98        0x0 /usr/lib/gcc/x86_64-linux-gnu/5/../../../../lib32/crt1.o
 .rel.text._pktbuf_free
                0x0000000008048b98        0x0 /usr/lib/gcc/x86_64-linux-gnu/5/../../../../lib32/crt1.o
 .rel.text.gnrc_pktbuf_duplicate_upto
                0x0000000008048b98        0x0 /usr/lib/gcc/x86_64-linux-gnu/5/../../../../lib32/crt1.o
 .rel.text._dump_snip
                0x0000000008048b98        0x0 /usr/lib/gcc/x86_64-linux-gnu/5/../../../../lib32/crt1.o
 .rel.text._dump
                0x0000000008048b98        0x0 /usr/lib/gcc/x86_64-linux-gnu/5/../../../../lib32/crt1.o
 .rel.text.gnrc_pktdump_init
                0x0000000008048b98        0x0 /usr/lib/gcc/x86_64-linux-gnu/5/../../../../lib32/crt1.o
 .rel.text._get_mac_addr
                0x0000000008048b98        0x0 /usr/lib/gcc/x86_64-linux-gnu/5/../../../../lib32/crt1.o
 .rel.text._set_mac_addr
                0x0000000008048b98        0x0 /usr/lib/gcc/x86_64-linux-gnu/5/../../../../lib32/crt1.o
 .rel.text._get_promiscous
                0x0000000008048b98        0x0 /usr/lib/gcc/x86_64-linux-gnu/5/../../../../lib32/crt1.o
 .rel.text._set_promiscous
                0x0000000008048b98        0x0 /usr/lib/gcc/x86_64-linux-gnu/5/../../../../lib32/crt1.o
 .rel.text._isr
                0x0000000008048b98        0x0 /usr/lib/gcc/x86_64-linux-gnu/5/../../../../lib32/crt1.o
 .rel.text._get
                0x0000000008048b98        0x0 /usr/lib/gcc/x86_64-linux-gnu/5/../../../../lib32/crt1.o
 .rel.text._set
                0x0000000008048b98        0x0 /usr/lib/gcc/x86_64-linux-gnu/5/../../../../lib32/crt1.o
 .rel.text._is_addr_broadcast
                0x0000000008048b98        0x0 /usr/lib/gcc/x86_64-linux-gnu/5/../../../../lib32/crt1.o
 .rel.text._is_addr_multicast
                0x0000000008048b98        0x0 /usr/lib/gcc/x86_64-linux-gnu/5/../../../../lib32/crt1.o
 .rel.text._continue_reading
                0x0000000008048b98        0x0 /usr/lib/gcc/x86_64-linux-gnu/5/../../../../lib32/crt1.o
 .rel.text.netdev_tap_setup
                0x0000000008048b98        0x0 /usr/lib/gcc/x86_64-linux-gnu/5/../../../../lib32/crt1.o
 .rel.text._tap_isr
                0x0000000008048b98        0x0 /usr/lib/gcc/x86_64-linux-gnu/5/../../../../lib32/crt1.o
 .rel.text._init
                0x0000000008048b98        0x0 /usr/lib/gcc/x86_64-linux-gnu/5/../../../../lib32/crt1.o
 .rel.text.od_hex_dump
                0x0000000008048b98        0x0 /usr/lib/gcc/x86_64-linux-gnu/5/../../../../lib32/crt1.o
 .rel.text.rtc_init
                0x0000000008048b98        0x0 /usr/lib/gcc/x86_64-linux-gnu/5/../../../../lib32/crt1.o
 .rel.text.rtc_poweron
                0x0000000008048b98        0x0 /usr/lib/gcc/x86_64-linux-gnu/5/../../../../lib32/crt1.o
 .rel.text.rtc_poweroff
                0x0000000008048b98        0x0 /usr/lib/gcc/x86_64-linux-gnu/5/../../../../lib32/crt1.o
 .rel.text.rtc_set_time
                0x0000000008048b98        0x0 /usr/lib/gcc/x86_64-linux-gnu/5/../../../../lib32/crt1.o
 .rel.text.rtc_get_time
                0x0000000008048b98        0x0 /usr/lib/gcc/x86_64-linux-gnu/5/../../../../lib32/crt1.o
 .rel.text.rtc_set_alarm
                0x0000000008048b98        0x0 /usr/lib/gcc/x86_64-linux-gnu/5/../../../../lib32/crt1.o
 .rel.text.rtc_get_alarm
                0x0000000008048b98        0x0 /usr/lib/gcc/x86_64-linux-gnu/5/../../../../lib32/crt1.o
 .rel.text.rtc_clear_alarm
                0x0000000008048b98        0x0 /usr/lib/gcc/x86_64-linux-gnu/5/../../../../lib32/crt1.o
 .rel.text.ts2ticks
                0x0000000008048b98        0x0 /usr/lib/gcc/x86_64-linux-gnu/5/../../../../lib32/crt1.o
 .rel.text.native_isr_timer
                0x0000000008048b98        0x0 /usr/lib/gcc/x86_64-linux-gnu/5/../../../../lib32/crt1.o
 .rel.text.timer_init
                0x0000000008048b98        0x0 /usr/lib/gcc/x86_64-linux-gnu/5/../../../../lib32/crt1.o
 .rel.text.do_timer_set
                0x0000000008048b98        0x0 /usr/lib/gcc/x86_64-linux-gnu/5/../../../../lib32/crt1.o
 .rel.text.timer_set
                0x0000000008048b98        0x0 /usr/lib/gcc/x86_64-linux-gnu/5/../../../../lib32/crt1.o
 .rel.text.timer_set_absolute
                0x0000000008048b98        0x0 /usr/lib/gcc/x86_64-linux-gnu/5/../../../../lib32/crt1.o
 .rel.text.timer_clear
                0x0000000008048b98        0x0 /usr/lib/gcc/x86_64-linux-gnu/5/../../../../lib32/crt1.o
 .rel.text.timer_start
                0x0000000008048b98        0x0 /usr/lib/gcc/x86_64-linux-gnu/5/../../../../lib32/crt1.o
 .rel.text.timer_stop
                0x0000000008048b98        0x0 /usr/lib/gcc/x86_64-linux-gnu/5/../../../../lib32/crt1.o
 .rel.text.timer_read
                0x0000000008048b98        0x0 /usr/lib/gcc/x86_64-linux-gnu/5/../../../../lib32/crt1.o
 .rel.text._lock
                0x0000000008048b98        0x0 /usr/lib/gcc/x86_64-linux-gnu/5/../../../../lib32/crt1.o
 .rel.text.rmutex_lock
                0x0000000008048b98        0x0 /usr/lib/gcc/x86_64-linux-gnu/5/../../../../lib32/crt1.o
 .rel.text.rmutex_trylock
                0x0000000008048b98        0x0 /usr/lib/gcc/x86_64-linux-gnu/5/../../../../lib32/crt1.o
 .rel.text.rmutex_unlock
                0x0000000008048b98        0x0 /usr/lib/gcc/x86_64-linux-gnu/5/../../../../lib32/crt1.o
 .rel.text._is_digit
                0x0000000008048b98        0x0 /usr/lib/gcc/x86_64-linux-gnu/5/../../../../lib32/crt1.o
 .rel.text.fmt_byte_hex
                0x0000000008048b98        0x0 /usr/lib/gcc/x86_64-linux-gnu/5/../../../../lib32/crt1.o
 .rel.text.fmt_bytes_hex
                0x0000000008048b98        0x0 /usr/lib/gcc/x86_64-linux-gnu/5/../../../../lib32/crt1.o
 .rel.text.fmt_strlen
                0x0000000008048b98        0x0 /usr/lib/gcc/x86_64-linux-gnu/5/../../../../lib32/crt1.o
 .rel.text.fmt_str
                0x0000000008048b98        0x0 /usr/lib/gcc/x86_64-linux-gnu/5/../../../../lib32/crt1.o
 .rel.text.fmt_bytes_hex_reverse
                0x0000000008048b98        0x0 /usr/lib/gcc/x86_64-linux-gnu/5/../../../../lib32/crt1.o
 .rel.text._byte_mod25
                0x0000000008048b98        0x0 /usr/lib/gcc/x86_64-linux-gnu/5/../../../../lib32/crt1.o
 .rel.text._hex_nib
                0x0000000008048b98        0x0 /usr/lib/gcc/x86_64-linux-gnu/5/../../../../lib32/crt1.o
 .rel.text.fmt_hex_bytes
                0x0000000008048b98        0x0 /usr/lib/gcc/x86_64-linux-gnu/5/../../../../lib32/crt1.o
 .rel.text.fmt_u32_hex
                0x0000000008048b98        0x0 /usr/lib/gcc/x86_64-linux-gnu/5/../../../../lib32/crt1.o
 .rel.text.fmt_u64_hex
                0x0000000008048b98        0x0 /usr/lib/gcc/x86_64-linux-gnu/5/../../../../lib32/crt1.o
 .rel.text.fmt_u64_dec
                0x0000000008048b98        0x0 /usr/lib/gcc/x86_64-linux-gnu/5/../../../../lib32/crt1.o
 .rel.text.fmt_u32_dec
                0x0000000008048b98        0x0 /usr/lib/gcc/x86_64-linux-gnu/5/../../../../lib32/crt1.o
 .rel.text.fmt_u16_dec
                0x0000000008048b98        0x0 /usr/lib/gcc/x86_64-linux-gnu/5/../../../../lib32/crt1.o
 .rel.text.fmt_s64_dec
                0x0000000008048b98        0x0 /usr/lib/gcc/x86_64-linux-gnu/5/../../../../lib32/crt1.o
 .rel.text.fmt_s32_dec
                0x0000000008048b98        0x0 /usr/lib/gcc/x86_64-linux-gnu/5/../../../../lib32/crt1.o
 .rel.text.fmt_s16_dec
                0x0000000008048b98        0x0 /usr/lib/gcc/x86_64-linux-gnu/5/../../../../lib32/crt1.o
 .rel.text.fmt_s16_dfp
                0x0000000008048b98        0x0 /usr/lib/gcc/x86_64-linux-gnu/5/../../../../lib32/crt1.o
 .rel.text.fmt_s32_dfp
                0x0000000008048b98        0x0 /usr/lib/gcc/x86_64-linux-gnu/5/../../../../lib32/crt1.o
 .rel.text.fmt_float
                0x0000000008048b98        0x0 /usr/lib/gcc/x86_64-linux-gnu/5/../../../../lib32/crt1.o
 .rel.text.fmt_lpad
                0x0000000008048b98        0x0 /usr/lib/gcc/x86_64-linux-gnu/5/../../../../lib32/crt1.o
 .rel.text.scn_u32_dec
                0x0000000008048b98        0x0 /usr/lib/gcc/x86_64-linux-gnu/5/../../../../lib32/crt1.o
 .rel.text.print
                0x0000000008048b98        0x0 /usr/lib/gcc/x86_64-linux-gnu/5/../../../../lib32/crt1.o
 .rel.text.print_u32_dec
                0x0000000008048b98        0x0 /usr/lib/gcc/x86_64-linux-gnu/5/../../../../lib32/crt1.o
 .rel.text.print_s32_dec
                0x0000000008048b98        0x0 /usr/lib/gcc/x86_64-linux-gnu/5/../../../../lib32/crt1.o
 .rel.text.print_byte_hex
                0x0000000008048b98        0x0 /usr/lib/gcc/x86_64-linux-gnu/5/../../../../lib32/crt1.o
 .rel.text.print_u32_hex
                0x0000000008048b98        0x0 /usr/lib/gcc/x86_64-linux-gnu/5/../../../../lib32/crt1.o
 .rel.text.print_u64_hex
                0x0000000008048b98        0x0 /usr/lib/gcc/x86_64-linux-gnu/5/../../../../lib32/crt1.o
 .rel.text.print_u64_dec
                0x0000000008048b98        0x0 /usr/lib/gcc/x86_64-linux-gnu/5/../../../../lib32/crt1.o
 .rel.text.print_s64_dec
                0x0000000008048b98        0x0 /usr/lib/gcc/x86_64-linux-gnu/5/../../../../lib32/crt1.o
 .rel.text.print_float
                0x0000000008048b98        0x0 /usr/lib/gcc/x86_64-linux-gnu/5/../../../../lib32/crt1.o
 .rel.text.print_str
                0x0000000008048b98        0x0 /usr/lib/gcc/x86_64-linux-gnu/5/../../../../lib32/crt1.o
 .rel.text._get_set
                0x0000000008048b98        0x0 /usr/lib/gcc/x86_64-linux-gnu/5/../../../../lib32/crt1.o
 .rel.text._snd_rcv
                0x0000000008048b98        0x0 /usr/lib/gcc/x86_64-linux-gnu/5/../../../../lib32/crt1.o
 .rel.text.gnrc_netapi_dispatch
                0x0000000008048b98        0x0 /usr/lib/gcc/x86_64-linux-gnu/5/../../../../lib32/crt1.o
 .rel.text.gnrc_netapi_send
                0x0000000008048b98        0x0 /usr/lib/gcc/x86_64-linux-gnu/5/../../../../lib32/crt1.o
 .rel.text.gnrc_netapi_receive
                0x0000000008048b98        0x0 /usr/lib/gcc/x86_64-linux-gnu/5/../../../../lib32/crt1.o
 .rel.text.gnrc_netapi_get
                0x0000000008048b98        0x0 /usr/lib/gcc/x86_64-linux-gnu/5/../../../../lib32/crt1.o
 .rel.text.gnrc_netapi_set
                0x0000000008048b98        0x0 /usr/lib/gcc/x86_64-linux-gnu/5/../../../../lib32/crt1.o
 .rel.text.gnrc_netif_hdr_print
                0x0000000008048b98        0x0 /usr/lib/gcc/x86_64-linux-gnu/5/../../../../lib32/crt1.o
 .rel.text.gnrc_netreg_init
                0x0000000008048b98        0x0 /usr/lib/gcc/x86_64-linux-gnu/5/../../../../lib32/crt1.o
 .rel.text.gnrc_netreg_register
                0x0000000008048b98        0x0 /usr/lib/gcc/x86_64-linux-gnu/5/../../../../lib32/crt1.o
 .rel.text.gnrc_netreg_unregister
                0x0000000008048b98        0x0 /usr/lib/gcc/x86_64-linux-gnu/5/../../../../lib32/crt1.o
 .rel.text._netreg_lookup
                0x0000000008048b98        0x0 /usr/lib/gcc/x86_64-linux-gnu/5/../../../../lib32/crt1.o
 .rel.text.gnrc_netreg_lookup
                0x0000000008048b98        0x0 /usr/lib/gcc/x86_64-linux-gnu/5/../../../../lib32/crt1.o
 .rel.text.gnrc_netreg_num
                0x0000000008048b98        0x0 /usr/lib/gcc/x86_64-linux-gnu/5/../../../../lib32/crt1.o
 .rel.text.gnrc_netreg_getnext
                0x0000000008048b98        0x0 /usr/lib/gcc/x86_64-linux-gnu/5/../../../../lib32/crt1.o
 .rel.text.gnrc_netreg_calc_csum
                0x0000000008048b98        0x0 /usr/lib/gcc/x86_64-linux-gnu/5/../../../../lib32/crt1.o
 .rel.text.gnrc_pktsnip_search_type
                0x0000000008048b98        0x0 /usr/lib/gcc/x86_64-linux-gnu/5/../../../../lib32/crt1.o
 .rel.text.iolist_count
                0x0000000008048b98        0x0 /usr/lib/gcc/x86_64-linux-gnu/5/../../../../lib32/crt1.o
 .rel.text.iolist_size
                0x0000000008048b98        0x0 /usr/lib/gcc/x86_64-linux-gnu/5/../../../../lib32/crt1.o
 .rel.text.iolist_to_iovec
                0x0000000008048b98        0x0 /usr/lib/gcc/x86_64-linux-gnu/5/../../../../lib32/crt1.o
 .rel.text.ethernet_get_iid
                0x0000000008048b98        0x0 /usr/lib/gcc/x86_64-linux-gnu/5/../../../../lib32/crt1.o
 .rel.text._get_iid
                0x0000000008048b98        0x0 /usr/lib/gcc/x86_64-linux-gnu/5/../../../../lib32/crt1.o
 .rel.text.netdev_eth_get
                0x0000000008048b98        0x0 /usr/lib/gcc/x86_64-linux-gnu/5/../../../../lib32/crt1.o
 .rel.text.netdev_eth_set
                0x0000000008048b98        0x0 /usr/lib/gcc/x86_64-linux-gnu/5/../../../../lib32/crt1.o
 *(.rel.fini)
 *(.rel.rodata .rel.rodata.* .rel.gnu.linkonce.r.*)
 .rel.rodata.ethernet_ops
                0x0000000008048b98        0x0 /usr/lib/gcc/x86_64-linux-gnu/5/../../../../lib32/crt1.o
 *(.rel.data.rel.ro .rel.data.rel.ro.* .rel.gnu.linkonce.d.rel.ro.*)
 *(.rel.data .rel.data.* .rel.gnu.linkonce.d.*)
 *(.rel.tdata .rel.tdata.* .rel.gnu.linkonce.td.*)
 *(.rel.tbss .rel.tbss.* .rel.gnu.linkonce.tb.*)
 *(.rel.ctors)
 *(.rel.dtors)
 *(.rel.got)
 .rel.got       0x0000000008048b98        0x8 /usr/lib/gcc/x86_64-linux-gnu/5/../../../../lib32/crt1.o
 *(.rel.bss .rel.bss.* .rel.gnu.linkonce.b.*)
 .rel.bss       0x0000000008048ba0       0x18 /usr/lib/gcc/x86_64-linux-gnu/5/../../../../lib32/crt1.o
 *(.rel.ifunc)

.rel.plt        0x0000000008048bb8       0xe8
 *(.rel.plt)
 .rel.plt       0x0000000008048bb8       0xe8 /usr/lib/gcc/x86_64-linux-gnu/5/../../../../lib32/crt1.o
                [!provide]                        PROVIDE (__rel_iplt_start, .)
 *(.rel.iplt)
 .rel.iplt      0x0000000008048ca0        0x0 /usr/lib/gcc/x86_64-linux-gnu/5/../../../../lib32/crt1.o
                [!provide]                        PROVIDE (__rel_iplt_end, .)

.init           0x0000000008048ca0       0x23
 *(SORT(.init))
 .init          0x0000000008048ca0       0x1e /usr/lib/gcc/x86_64-linux-gnu/5/../../../../lib32/crti.o
                0x0000000008048ca0                _init
 .init          0x0000000008048cbe        0x5 /usr/lib/gcc/x86_64-linux-gnu/5/../../../../lib32/crtn.o

.plt            0x0000000008048cd0      0x1e0
 *(.plt)
 .plt           0x0000000008048cd0      0x1e0 /usr/lib/gcc/x86_64-linux-gnu/5/../../../../lib32/crt1.o
                0x0000000008048ce0                strcmp@@GLIBC_2.0
                0x0000000008048cf0                sigprocmask@@GLIBC_2.0
                0x0000000008048d00                memcpy@@GLIBC_2.0
                0x0000000008048d10                setcontext@@GLIBC_2.0
                0x0000000008048d20                memcmp@@GLIBC_2.0
                0x0000000008048d30                __stack_chk_fail@@GLIBC_2.4
                0x0000000008048d40                strerror@@GLIBC_2.0
                0x0000000008048d50                getopt_long@@GLIBC_2.0
                0x0000000008048d60                strlen@@GLIBC_2.0
                0x0000000008048d70                __libc_start_main@@GLIBC_2.0
                0x0000000008048d80                write@@GLIBC_2.0
                0x0000000008048d90                sigdelset@@GLIBC_2.0
                0x0000000008048da0                atol@@GLIBC_2.0
                0x0000000008048db0                getcontext@@GLIBC_2.1
                0x0000000008048dc0                sigaddset@@GLIBC_2.0
                0x0000000008048dd0                dlsym@@GLIBC_2.0
                0x0000000008048de0                sigfillset@@GLIBC_2.0
                0x0000000008048df0                memset@@GLIBC_2.0
                0x0000000008048e00                snprintf@@GLIBC_2.0
                0x0000000008048e10                swapcontext@@GLIBC_2.1
                0x0000000008048e20                __errno_location@@GLIBC_2.0
                0x0000000008048e30                strncpy@@GLIBC_2.0
                0x0000000008048e40                fileno@@GLIBC_2.0
                0x0000000008048e50                makecontext@@GLIBC_2.1
                0x0000000008048e60                strndup@@GLIBC_2.0
                0x0000000008048e70                sigemptyset@@GLIBC_2.0
                0x0000000008048e80                vsnprintf@@GLIBC_2.0
                0x0000000008048e90                sigaction@@GLIBC_2.0
                0x0000000008048ea0                sigaltstack@@GLIBC_2.0
 *(.iplt)
 .iplt          0x0000000008048eb0        0x0 /usr/lib/gcc/x86_64-linux-gnu/5/../../../../lib32/crt1.o

.plt.got        0x0000000008048eb0        0x8
 *(.plt.got)
 .plt.got       0x0000000008048eb0        0x8 /usr/lib/gcc/x86_64-linux-gnu/5/../../../../lib32/crt1.o

.text           0x0000000008048ec0     0xa5c2
 *(.text.unlikely .text.*_unlikely .text.unlikely.*)
 *(.text.exit .text.exit.*)
 *(.text.startup .text.startup.*)
 .text.startup  0x0000000008048ec0      0x350 /media/tamas/Data/RIOT/RIOT/examples/my_project/bin/native/cpu/startup.o
 *(.text.hot .text.hot.*)
 *(.text .stub .text.* .gnu.linkonce.t.*)
 .text          0x0000000008049210       0x22 /usr/lib/gcc/x86_64-linux-gnu/5/../../../../lib32/crt1.o
                0x0000000008049210                _start
 *fill*         0x0000000008049232        0xe 
 .gnu.linkonce.t.__x86.get_pc_thunk.bx
                0x0000000008049240        0x4 /usr/lib/gcc/x86_64-linux-gnu/5/../../../../lib32/crti.o
                0x0000000008049240                __x86.get_pc_thunk.bx
 *fill*         0x0000000008049244        0xc 
 .text          0x0000000008049250       0xbb /usr/lib/gcc/x86_64-linux-gnu/5/32/crtbegin.o
 .text._native_input
                0x000000000804930b       0x81 /media/tamas/Data/RIOT/RIOT/examples/my_project/bin/native/cpu/startup.o
                0x000000000804930b                _native_input
 .text._native_log_output
                0x000000000804938c      0x135 /media/tamas/Data/RIOT/RIOT/examples/my_project/bin/native/cpu/startup.o
                0x000000000804938c                _native_log_output
 .text.daemonize
                0x00000000080494c1       0xd4 /media/tamas/Data/RIOT/RIOT/examples/my_project/bin/native/cpu/startup.o
                0x00000000080494c1                daemonize
 .text.filter_daemonize_argv
                0x0000000008049595       0xa0 /media/tamas/Data/RIOT/RIOT/examples/my_project/bin/native/cpu/startup.o
 .text.usage_exit
                0x0000000008049635       0xa6 /media/tamas/Data/RIOT/RIOT/examples/my_project/bin/native/cpu/startup.o
                0x0000000008049635                usage_exit
 .text._xtimer_ticks_from_usec
                0x00000000080496db       0x2d /media/tamas/Data/RIOT/RIOT/examples/my_project/bin/native/application_my_project.a(main.o)
 .text._xtimer_ticks_from_usec64
                0x0000000008049708       0x36 /media/tamas/Data/RIOT/RIOT/examples/my_project/bin/native/application_my_project.a(main.o)
 .text._xtimer_tsleep32
                0x000000000804973e       0x3b /media/tamas/Data/RIOT/RIOT/examples/my_project/bin/native/application_my_project.a(main.o)
 .text._xtimer_tsleep64
                0x0000000008049779       0x4d /media/tamas/Data/RIOT/RIOT/examples/my_project/bin/native/application_my_project.a(main.o)
 .text.xtimer_usleep
                0x00000000080497c6       0x45 /media/tamas/Data/RIOT/RIOT/examples/my_project/bin/native/application_my_project.a(main.o)
 .text.xtimer_sleep
                0x000000000804980b       0x67 /media/tamas/Data/RIOT/RIOT/examples/my_project/bin/native/application_my_project.a(main.o)
 .text.setSystemInputs
                0x0000000008049872       0x57 /media/tamas/Data/RIOT/RIOT/examples/my_project/bin/native/application_my_project.a(main.o)
                0x0000000008049872                setSystemInputs
 .text.handleInput
                0x00000000080498c9       0x87 /media/tamas/Data/RIOT/RIOT/examples/my_project/bin/native/application_my_project.a(main.o)
                0x00000000080498c9                handleInput
 .text.handleData
                0x0000000008049950       0x86 /media/tamas/Data/RIOT/RIOT/examples/my_project/bin/native/application_my_project.a(main.o)
                0x0000000008049950                handleData
 .text.handleOutput
                0x00000000080499d6       0x46 /media/tamas/Data/RIOT/RIOT/examples/my_project/bin/native/application_my_project.a(main.o)
                0x00000000080499d6                handleOutput
 .text.main     0x0000000008049a1c      0x19f /media/tamas/Data/RIOT/RIOT/examples/my_project/bin/native/application_my_project.a(main.o)
                0x0000000008049a1c                main
 .text.board_init
                0x0000000008049bbb       0x3f /media/tamas/Data/RIOT/RIOT/examples/my_project/bin/native/board.a(board_init.o)
                0x0000000008049bbb                board_init
 .text.main_trampoline
                0x0000000008049bfa       0x49 /media/tamas/Data/RIOT/RIOT/examples/my_project/bin/native/core.a(kernel_init.o)
 .text.idle_thread
                0x0000000008049c43       0x1e /media/tamas/Data/RIOT/RIOT/examples/my_project/bin/native/core.a(kernel_init.o)
 .text.kernel_init
                0x0000000008049c61       0x67 /media/tamas/Data/RIOT/RIOT/examples/my_project/bin/native/core.a(kernel_init.o)
                0x0000000008049c61                kernel_init
 .text.cib_init
                0x0000000008049cc8       0x78 /media/tamas/Data/RIOT/RIOT/examples/my_project/bin/native/core.a(thread.o)
 .text.pid_is_valid
                0x0000000008049d40       0x45 /media/tamas/Data/RIOT/RIOT/examples/my_project/bin/native/core.a(thread.o)
 .text.thread_get
                0x0000000008049d85       0x51 /media/tamas/Data/RIOT/RIOT/examples/my_project/bin/native/core.a(thread.o)
                0x0000000008049d85                thread_get
 .text.thread_sleep
                0x0000000008049dd6       0x5e /media/tamas/Data/RIOT/RIOT/examples/my_project/bin/native/core.a(thread.o)
                0x0000000008049dd6                thread_sleep
 .text.thread_wakeup
                0x0000000008049e34       0xa5 /media/tamas/Data/RIOT/RIOT/examples/my_project/bin/native/core.a(thread.o)
                0x0000000008049e34                thread_wakeup
 .text.thread_add_to_list
                0x0000000008049ed9       0xab /media/tamas/Data/RIOT/RIOT/examples/my_project/bin/native/core.a(thread.o)
                0x0000000008049ed9                thread_add_to_list
 .text.thread_measure_stack_free
                0x0000000008049f84       0x52 /media/tamas/Data/RIOT/RIOT/examples/my_project/bin/native/core.a(thread.o)
                0x0000000008049f84                thread_measure_stack_free
 .text.thread_create
                0x0000000008049fd6      0x263 /media/tamas/Data/RIOT/RIOT/examples/my_project/bin/native/core.a(thread.o)
                0x0000000008049fd6                thread_create
 .text._assert_failure
                0x000000000804a239       0x42 /media/tamas/Data/RIOT/RIOT/examples/my_project/bin/native/core.a(assert.o)
                0x000000000804a239                _assert_failure
 .text.panic_arch
                0x000000000804a27b       0x25 /media/tamas/Data/RIOT/RIOT/examples/my_project/bin/native/core.a(panic.o)
                0x000000000804a27b                panic_arch
 .text.core_panic
                0x000000000804a2a0       0x8e /media/tamas/Data/RIOT/RIOT/examples/my_project/bin/native/core.a(panic.o)
                0x000000000804a2a0                core_panic
 .text.bitarithm_lsb
                0x000000000804a32e       0x47 /media/tamas/Data/RIOT/RIOT/examples/my_project/bin/native/core.a(sched.o)
 .text.clist_rpush
                0x000000000804a375       0x62 /media/tamas/Data/RIOT/RIOT/examples/my_project/bin/native/core.a(sched.o)
 .text.clist_lpop
                0x000000000804a3d7       0x68 /media/tamas/Data/RIOT/RIOT/examples/my_project/bin/native/core.a(sched.o)
 .text.sched_run
                0x000000000804a43f       0xaa /media/tamas/Data/RIOT/RIOT/examples/my_project/bin/native/core.a(sched.o)
                0x000000000804a43f                sched_run
 .text.sched_set_status
                0x000000000804a4e9       0xfe /media/tamas/Data/RIOT/RIOT/examples/my_project/bin/native/core.a(sched.o)
                0x000000000804a4e9                sched_set_status
 .text.sched_switch
                0x000000000804a5e7       0x7f /media/tamas/Data/RIOT/RIOT/examples/my_project/bin/native/core.a(sched.o)
                0x000000000804a5e7                sched_switch
 .text.sched_task_exit
                0x000000000804a666       0x58 /media/tamas/Data/RIOT/RIOT/examples/my_project/bin/native/core.a(sched.o)
                0x000000000804a666                sched_task_exit
 .text._native_syscall_enter
                0x000000000804a6be       0x32 /media/tamas/Data/RIOT/RIOT/examples/my_project/bin/native/cpu.a(syscalls.o)
                0x000000000804a6be                _native_syscall_enter
 .text._native_syscall_leave
                0x000000000804a6f0       0xef /media/tamas/Data/RIOT/RIOT/examples/my_project/bin/native/cpu.a(syscalls.o)
                0x000000000804a6f0                _native_syscall_leave
 .text.malloc   0x000000000804a7df       0x94 /media/tamas/Data/RIOT/RIOT/examples/my_project/bin/native/cpu.a(syscalls.o)
                0x000000000804a7df                malloc
 .text.free     0x000000000804a873       0x45 /media/tamas/Data/RIOT/RIOT/examples/my_project/bin/native/cpu.a(syscalls.o)
                0x000000000804a873                free
 .text.calloc   0x000000000804a8b8       0x9d /media/tamas/Data/RIOT/RIOT/examples/my_project/bin/native/cpu.a(syscalls.o)
                0x000000000804a8b8                calloc
 .text.realloc  0x000000000804a955       0x53 /media/tamas/Data/RIOT/RIOT/examples/my_project/bin/native/cpu.a(syscalls.o)
                0x000000000804a955                realloc
 .text._native_write
                0x000000000804a9a8       0x5c /media/tamas/Data/RIOT/RIOT/examples/my_project/bin/native/cpu.a(syscalls.o)
                0x000000000804a9a8                _native_write
 .text._native_writev
                0x000000000804aa04       0x5c /media/tamas/Data/RIOT/RIOT/examples/my_project/bin/native/cpu.a(syscalls.o)
                0x000000000804aa04                _native_writev
 .text.putchar  0x000000000804aa60       0x42 /media/tamas/Data/RIOT/RIOT/examples/my_project/bin/native/cpu.a(syscalls.o)
                0x000000000804aa60                putchar
 .text.puts     0x000000000804aaa2       0x5c /media/tamas/Data/RIOT/RIOT/examples/my_project/bin/native/cpu.a(syscalls.o)
                0x000000000804aaa2                puts
 .text.make_message
                0x000000000804aafe       0xc9 /media/tamas/Data/RIOT/RIOT/examples/my_project/bin/native/cpu.a(syscalls.o)
                0x000000000804aafe                make_message
 .text.printf   0x000000000804abc7       0x4e /media/tamas/Data/RIOT/RIOT/examples/my_project/bin/native/cpu.a(syscalls.o)
                0x000000000804abc7                printf
 .text.vprintf  0x000000000804ac15       0x47 /media/tamas/Data/RIOT/RIOT/examples/my_project/bin/native/cpu.a(syscalls.o)
                0x000000000804ac15                vprintf
 .text.fprintf  0x000000000804ac5c       0x51 /media/tamas/Data/RIOT/RIOT/examples/my_project/bin/native/cpu.a(syscalls.o)
                0x000000000804ac5c                fprintf
 .text.vfprintf
                0x000000000804acad       0xa5 /media/tamas/Data/RIOT/RIOT/examples/my_project/bin/native/cpu.a(syscalls.o)
                0x000000000804acad                vfprintf
 .text.vwarn    0x000000000804ad52      0x130 /media/tamas/Data/RIOT/RIOT/examples/my_project/bin/native/cpu.a(syscalls.o)
                0x000000000804ad52                vwarn
 .text.vwarnx   0x000000000804ae82       0xe7 /media/tamas/Data/RIOT/RIOT/examples/my_project/bin/native/cpu.a(syscalls.o)
                0x000000000804ae82                vwarnx
 .text.verr     0x000000000804af69       0x41 /media/tamas/Data/RIOT/RIOT/examples/my_project/bin/native/cpu.a(syscalls.o)
                0x000000000804af69                verr
 .text.verrx    0x000000000804afaa       0x41 /media/tamas/Data/RIOT/RIOT/examples/my_project/bin/native/cpu.a(syscalls.o)
                0x000000000804afaa                verrx
 .text.warn     0x000000000804afeb       0x43 /media/tamas/Data/RIOT/RIOT/examples/my_project/bin/native/cpu.a(syscalls.o)
                0x000000000804afeb                warn
 .text.warnx    0x000000000804b02e       0x43 /media/tamas/Data/RIOT/RIOT/examples/my_project/bin/native/cpu.a(syscalls.o)
                0x000000000804b02e                warnx
 .text.err      0x000000000804b071       0x35 /media/tamas/Data/RIOT/RIOT/examples/my_project/bin/native/cpu.a(syscalls.o)
                0x000000000804b071                err
 .text.errx     0x000000000804b0a6       0x35 /media/tamas/Data/RIOT/RIOT/examples/my_project/bin/native/cpu.a(syscalls.o)
                0x000000000804b0a6                errx
 .text.getpid   0x000000000804b0db       0x39 /media/tamas/Data/RIOT/RIOT/examples/my_project/bin/native/cpu.a(syscalls.o)
                0x000000000804b0db                getpid
 .text._native_init_syscalls
                0x000000000804b114      0x50b /media/tamas/Data/RIOT/RIOT/examples/my_project/bin/native/cpu.a(syscalls.o)
                0x000000000804b114                _native_init_syscalls
 .text.thread_isr_stack_pointer
                0x000000000804b61f       0x29 /media/tamas/Data/RIOT/RIOT/examples/my_project/bin/native/cpu.a(irq_cpu.o)
                0x000000000804b61f                thread_isr_stack_pointer
 .text.thread_isr_stack_start
                0x000000000804b648       0x29 /media/tamas/Data/RIOT/RIOT/examples/my_project/bin/native/cpu.a(irq_cpu.o)
                0x000000000804b648                thread_isr_stack_start
 .text.irq_disable
                0x000000000804b671       0x70 /media/tamas/Data/RIOT/RIOT/examples/my_project/bin/native/cpu.a(irq_cpu.o)
                0x000000000804b671                irq_disable
 .text.irq_enable
                0x000000000804b6e1       0x8b /media/tamas/Data/RIOT/RIOT/examples/my_project/bin/native/cpu.a(irq_cpu.o)
                0x000000000804b6e1                irq_enable
 .text.irq_restore
                0x000000000804b76c       0x3d /media/tamas/Data/RIOT/RIOT/examples/my_project/bin/native/cpu.a(irq_cpu.o)
                0x000000000804b76c                irq_restore
 .text.irq_is_in
                0x000000000804b7a9       0x29 /media/tamas/Data/RIOT/RIOT/examples/my_project/bin/native/cpu.a(irq_cpu.o)
                0x000000000804b7a9                irq_is_in
 .text._native_popsig
                0x000000000804b7d2       0x8c /media/tamas/Data/RIOT/RIOT/examples/my_project/bin/native/cpu.a(irq_cpu.o)
                0x000000000804b7d2                _native_popsig
 .text.native_irq_handler
                0x000000000804b85e       0x7c /media/tamas/Data/RIOT/RIOT/examples/my_project/bin/native/cpu.a(irq_cpu.o)
                0x000000000804b85e                native_irq_handler
 .text.isr_set_sigmask
                0x000000000804b8da       0x56 /media/tamas/Data/RIOT/RIOT/examples/my_project/bin/native/cpu.a(irq_cpu.o)
                0x000000000804b8da                isr_set_sigmask
 .text.native_isr_entry
                0x000000000804b930      0x155 /media/tamas/Data/RIOT/RIOT/examples/my_project/bin/native/cpu.a(irq_cpu.o)
                0x000000000804b930                native_isr_entry
 .text.set_signal_handler
                0x000000000804ba85      0x149 /media/tamas/Data/RIOT/RIOT/examples/my_project/bin/native/cpu.a(irq_cpu.o)
                0x000000000804ba85                set_signal_handler
 .text.register_interrupt
                0x000000000804bbce       0x68 /media/tamas/Data/RIOT/RIOT/examples/my_project/bin/native/cpu.a(irq_cpu.o)
                0x000000000804bbce                register_interrupt
 .text.native_shutdown
                0x000000000804bc36       0x3c /media/tamas/Data/RIOT/RIOT/examples/my_project/bin/native/cpu.a(irq_cpu.o)
 .text.native_interrupt_init
                0x000000000804bc72      0x2be /media/tamas/Data/RIOT/RIOT/examples/my_project/bin/native/cpu.a(irq_cpu.o)
                0x000000000804bc72                native_interrupt_init
 .text._native_mod_ctx_leave_sigh
                0x000000000804bf30       0x41 /media/tamas/Data/RIOT/RIOT/examples/my_project/bin/native/cpu.a(native_cpu.o)
 .text.thread_isr_stack_usage
                0x000000000804bf71       0x29 /media/tamas/Data/RIOT/RIOT/examples/my_project/bin/native/cpu.a(native_cpu.o)
                0x000000000804bf71                thread_isr_stack_usage
 .text.thread_stack_init
                0x000000000804bf9a       0xe2 /media/tamas/Data/RIOT/RIOT/examples/my_project/bin/native/cpu.a(native_cpu.o)
                0x000000000804bf9a                thread_stack_init
 .text.isr_cpu_switch_context_exit
                0x000000000804c07c       0x7c /media/tamas/Data/RIOT/RIOT/examples/my_project/bin/native/cpu.a(native_cpu.o)
                0x000000000804c07c                isr_cpu_switch_context_exit
 .text.cpu_switch_context_exit
                0x000000000804c0f8       0xa5 /media/tamas/Data/RIOT/RIOT/examples/my_project/bin/native/cpu.a(native_cpu.o)
                0x000000000804c0f8                cpu_switch_context_exit
 .text.isr_thread_yield
                0x000000000804c19d       0x7c /media/tamas/Data/RIOT/RIOT/examples/my_project/bin/native/cpu.a(native_cpu.o)
                0x000000000804c19d                isr_thread_yield
 .text.thread_yield_higher
                0x000000000804c219       0xd1 /media/tamas/Data/RIOT/RIOT/examples/my_project/bin/native/cpu.a(native_cpu.o)
                0x000000000804c219                thread_yield_higher
 .text.native_cpu_init
                0x000000000804c2ea       0x7e /media/tamas/Data/RIOT/RIOT/examples/my_project/bin/native/cpu.a(native_cpu.o)
                0x000000000804c2ea                native_cpu_init
 .text          0x000000000804c368       0x3f /media/tamas/Data/RIOT/RIOT/examples/my_project/bin/native/cpu.a(tramp.o)
                0x000000000804c368                _native_sig_leave_tramp
                0x000000000804c396                _native_sig_leave_handler
 .text._native_LED_GREEN_ON
                0x000000000804c3a7       0x35 /media/tamas/Data/RIOT/RIOT/examples/my_project/bin/native/native-drivers.a(native-led.o)
                0x000000000804c3a7                _native_LED_GREEN_ON
 .text._native_LED_RED_OFF
                0x000000000804c3dc       0x35 /media/tamas/Data/RIOT/RIOT/examples/my_project/bin/native/native-drivers.a(native-led.o)
                0x000000000804c3dc                _native_LED_RED_OFF
 .text.tty_uart_setup
                0x000000000804c411       0x50 /media/tamas/Data/RIOT/RIOT/examples/my_project/bin/native/periph.a(uart.o)
                0x000000000804c411                tty_uart_setup
 .text.pm_set_lowest
                0x000000000804c461       0x61 /media/tamas/Data/RIOT/RIOT/examples/my_project/bin/native/periph.a(pm.o)
                0x000000000804c461                pm_set_lowest
 .text.pm_off   0x000000000804c4c2       0x2d /media/tamas/Data/RIOT/RIOT/examples/my_project/bin/native/periph.a(pm.o)
                0x000000000804c4c2                pm_off
 .text.ps       0x000000000804c4ef      0x1af /media/tamas/Data/RIOT/RIOT/examples/my_project/bin/native/ps.a(ps.o)
                0x000000000804c4ef                ps
 .text.mutex_init
                0x000000000804c69e       0x34 /media/tamas/Data/RIOT/RIOT/examples/my_project/bin/native/pthread.a(pthread_mutex.o)
 .text.mutex_lock
                0x000000000804c6d2       0x3b /media/tamas/Data/RIOT/RIOT/examples/my_project/bin/native/pthread.a(pthread_mutex.o)
 .text.pthread_mutex_init
                0x000000000804c70d       0x50 /media/tamas/Data/RIOT/RIOT/examples/my_project/bin/native/pthread.a(pthread_mutex.o)
                0x000000000804c70d                pthread_mutex_init
 .text.pthread_mutex_destroy
                0x000000000804c75d       0x2f /media/tamas/Data/RIOT/RIOT/examples/my_project/bin/native/pthread.a(pthread_mutex.o)
                0x000000000804c75d                pthread_mutex_destroy
 .text.pthread_mutex_lock
                0x000000000804c78c       0x4a /media/tamas/Data/RIOT/RIOT/examples/my_project/bin/native/pthread.a(pthread_mutex.o)
                0x000000000804c78c                pthread_mutex_lock
 .text.pthread_mutex_unlock
                0x000000000804c7d6       0x4a /media/tamas/Data/RIOT/RIOT/examples/my_project/bin/native/pthread.a(pthread_mutex.o)
                0x000000000804c7d6                pthread_mutex_unlock
 .text.mutex_lock
                0x000000000804c820       0x3b /media/tamas/Data/RIOT/RIOT/examples/my_project/bin/native/pthread.a(pthread_cond.o)
 .text._xtimer_usec_from_ticks64
                0x000000000804c85b       0x36 /media/tamas/Data/RIOT/RIOT/examples/my_project/bin/native/pthread.a(pthread_cond.o)
 .text._xtimer_ticks_from_usec64
                0x000000000804c891       0x36 /media/tamas/Data/RIOT/RIOT/examples/my_project/bin/native/pthread.a(pthread_cond.o)
 .text.xtimer_now64
                0x000000000804c8c7       0x48 /media/tamas/Data/RIOT/RIOT/examples/my_project/bin/native/pthread.a(pthread_cond.o)
 .text.xtimer_now_usec64
                0x000000000804c90f       0x44 /media/tamas/Data/RIOT/RIOT/examples/my_project/bin/native/pthread.a(pthread_cond.o)
 .text.xtimer_set_wakeup64
                0x000000000804c953       0x65 /media/tamas/Data/RIOT/RIOT/examples/my_project/bin/native/pthread.a(pthread_cond.o)
 .text.xtimer_usec_from_ticks64
                0x000000000804c9b8       0x43 /media/tamas/Data/RIOT/RIOT/examples/my_project/bin/native/pthread.a(pthread_cond.o)
 .text.pthread_cond_init
                0x000000000804c9fb       0x3e /media/tamas/Data/RIOT/RIOT/examples/my_project/bin/native/pthread.a(pthread_cond.o)
                0x000000000804c9fb                pthread_cond_init
 .text.pthread_cond_destroy
                0x000000000804ca39       0x3f /media/tamas/Data/RIOT/RIOT/examples/my_project/bin/native/pthread.a(pthread_cond.o)
                0x000000000804ca39                pthread_cond_destroy
 .text._init_cond_wait
                0x000000000804ca78       0x84 /media/tamas/Data/RIOT/RIOT/examples/my_project/bin/native/pthread.a(pthread_cond.o)
                0x000000000804ca78                _init_cond_wait
 .text.pthread_cond_wait
                0x000000000804cafc       0x70 /media/tamas/Data/RIOT/RIOT/examples/my_project/bin/native/pthread.a(pthread_cond.o)
                0x000000000804cafc                pthread_cond_wait
 .text.pthread_cond_timedwait
                0x000000000804cb6c      0x173 /media/tamas/Data/RIOT/RIOT/examples/my_project/bin/native/pthread.a(pthread_cond.o)
                0x000000000804cb6c                pthread_cond_timedwait
 .text.pthread_cond_signal
                0x000000000804ccdf       0xb9 /media/tamas/Data/RIOT/RIOT/examples/my_project/bin/native/pthread.a(pthread_cond.o)
                0x000000000804ccdf                pthread_cond_signal
 .text.max_prio
                0x000000000804cd98       0x45 /media/tamas/Data/RIOT/RIOT/examples/my_project/bin/native/pthread.a(pthread_cond.o)
 .text.pthread_cond_broadcast
                0x000000000804cddd       0xcb /media/tamas/Data/RIOT/RIOT/examples/my_project/bin/native/pthread.a(pthread_cond.o)
                0x000000000804cddd                pthread_cond_broadcast
 .text.mutex_lock
                0x000000000804cea8       0x3b /media/tamas/Data/RIOT/RIOT/examples/my_project/bin/native/pthread.a(pthread.o)
 .text.pthread_start_routine
                0x000000000804cee3       0x40 /media/tamas/Data/RIOT/RIOT/examples/my_project/bin/native/pthread.a(pthread.o)
 .text.insert   0x000000000804cf23       0x8d /media/tamas/Data/RIOT/RIOT/examples/my_project/bin/native/pthread.a(pthread.o)
 .text.pthread_reaper
                0x000000000804cfb0       0x37 /media/tamas/Data/RIOT/RIOT/examples/my_project/bin/native/pthread.a(pthread.o)
 .text.pthread_create
                0x000000000804cfe7      0x232 /media/tamas/Data/RIOT/RIOT/examples/my_project/bin/native/pthread.a(pthread.o)
                0x000000000804cfe7                pthread_create
 .text.pthread_exit
                0x000000000804d219      0x101 /media/tamas/Data/RIOT/RIOT/examples/my_project/bin/native/pthread.a(pthread.o)
                0x000000000804d219                pthread_exit
 .text.pthread_join
                0x000000000804d31a       0xd0 /media/tamas/Data/RIOT/RIOT/examples/my_project/bin/native/pthread.a(pthread.o)
                0x000000000804d31a                pthread_join
 .text.pthread_self
                0x000000000804d3ea       0x98 /media/tamas/Data/RIOT/RIOT/examples/my_project/bin/native/pthread.a(pthread.o)
                0x000000000804d3ea                pthread_self
 .text.pthread_cancel
                0x000000000804d482       0x53 /media/tamas/Data/RIOT/RIOT/examples/my_project/bin/native/pthread.a(pthread.o)
                0x000000000804d482                pthread_cancel
 .text.pthread_setcancelstate
                0x000000000804d4d5       0x35 /media/tamas/Data/RIOT/RIOT/examples/my_project/bin/native/pthread.a(pthread.o)
                0x000000000804d4d5                pthread_setcancelstate
 .text.pthread_setcanceltype
                0x000000000804d50a       0x35 /media/tamas/Data/RIOT/RIOT/examples/my_project/bin/native/pthread.a(pthread.o)
                0x000000000804d50a                pthread_setcanceltype
 .text._xtimer_lltimer_now
                0x000000000804d53f       0x31 /media/tamas/Data/RIOT/RIOT/examples/my_project/bin/native/xtimer.a(xtimer_core.o)
 .text._xtimer_lltimer_mask
                0x000000000804d570       0x2d /media/tamas/Data/RIOT/RIOT/examples/my_project/bin/native/xtimer.a(xtimer_core.o)
 .text._xtimer_now
                0x000000000804d59d       0x29 /media/tamas/Data/RIOT/RIOT/examples/my_project/bin/native/xtimer.a(xtimer_core.o)
 .text._xtimer_spin
                0x000000000804d5c6       0x41 /media/tamas/Data/RIOT/RIOT/examples/my_project/bin/native/xtimer.a(xtimer_core.o)
 .text._is_set  0x000000000804d607       0x4a /media/tamas/Data/RIOT/RIOT/examples/my_project/bin/native/xtimer.a(xtimer_core.o)
 .text.xtimer_spin_until
                0x000000000804d651       0x41 /media/tamas/Data/RIOT/RIOT/examples/my_project/bin/native/xtimer.a(xtimer_core.o)
 .text.xtimer_init
                0x000000000804d692       0x48 /media/tamas/Data/RIOT/RIOT/examples/my_project/bin/native/xtimer.a(xtimer_core.o)
                0x000000000804d692                xtimer_init
 .text._xtimer_now_internal
                0x000000000804d6da       0x61 /media/tamas/Data/RIOT/RIOT/examples/my_project/bin/native/xtimer.a(xtimer_core.o)
 .text._xtimer_now64
                0x000000000804d73b       0x56 /media/tamas/Data/RIOT/RIOT/examples/my_project/bin/native/xtimer.a(xtimer_core.o)
                0x000000000804d73b                _xtimer_now64
 .text._xtimer_set64
                0x000000000804d791       0xf2 /media/tamas/Data/RIOT/RIOT/examples/my_project/bin/native/xtimer.a(xtimer_core.o)
                0x000000000804d791                _xtimer_set64
 .text._xtimer_set
                0x000000000804d883       0x92 /media/tamas/Data/RIOT/RIOT/examples/my_project/bin/native/xtimer.a(xtimer_core.o)
                0x000000000804d883                _xtimer_set
 .text._periph_timer_callback
                0x000000000804d915       0x36 /media/tamas/Data/RIOT/RIOT/examples/my_project/bin/native/xtimer.a(xtimer_core.o)
 .text._shoot   0x000000000804d94b       0x40 /media/tamas/Data/RIOT/RIOT/examples/my_project/bin/native/xtimer.a(xtimer_core.o)
 .text._lltimer_set
                0x000000000804d98b       0x54 /media/tamas/Data/RIOT/RIOT/examples/my_project/bin/native/xtimer.a(xtimer_core.o)
 .text._xtimer_set_absolute
                0x000000000804d9df      0x17b /media/tamas/Data/RIOT/RIOT/examples/my_project/bin/native/xtimer.a(xtimer_core.o)
                0x000000000804d9df                _xtimer_set_absolute
 .text._add_timer_to_list
                0x000000000804db5a       0x68 /media/tamas/Data/RIOT/RIOT/examples/my_project/bin/native/xtimer.a(xtimer_core.o)
 .text._add_timer_to_long_list
                0x000000000804dbc2       0x8c /media/tamas/Data/RIOT/RIOT/examples/my_project/bin/native/xtimer.a(xtimer_core.o)
 .text._remove_timer_from_list
                0x000000000804dc4e       0x63 /media/tamas/Data/RIOT/RIOT/examples/my_project/bin/native/xtimer.a(xtimer_core.o)
 .text._remove  0x000000000804dcb1       0xb9 /media/tamas/Data/RIOT/RIOT/examples/my_project/bin/native/xtimer.a(xtimer_core.o)
 .text.xtimer_remove
                0x000000000804dd6a       0x62 /media/tamas/Data/RIOT/RIOT/examples/my_project/bin/native/xtimer.a(xtimer_core.o)
                0x000000000804dd6a                xtimer_remove
 .text._time_left
                0x000000000804ddcc       0x5c /media/tamas/Data/RIOT/RIOT/examples/my_project/bin/native/xtimer.a(xtimer_core.o)
 .text._this_high_period
                0x000000000804de28       0x2f /media/tamas/Data/RIOT/RIOT/examples/my_project/bin/native/xtimer.a(xtimer_core.o)
 .text._compare
                0x000000000804de57       0x65 /media/tamas/Data/RIOT/RIOT/examples/my_project/bin/native/xtimer.a(xtimer_core.o)
 .text._merge_lists
                0x000000000804debc       0x9f /media/tamas/Data/RIOT/RIOT/examples/my_project/bin/native/xtimer.a(xtimer_core.o)
 .text._select_long_timers
                0x000000000804df5b       0xc3 /media/tamas/Data/RIOT/RIOT/examples/my_project/bin/native/xtimer.a(xtimer_core.o)
 .text._next_period
                0x000000000804e01e       0x4b /media/tamas/Data/RIOT/RIOT/examples/my_project/bin/native/xtimer.a(xtimer_core.o)
 .text._timer_callback
                0x000000000804e069      0x1c4 /media/tamas/Data/RIOT/RIOT/examples/my_project/bin/native/xtimer.a(xtimer_core.o)
 .text.mutex_lock
                0x000000000804e22d       0x3b /media/tamas/Data/RIOT/RIOT/examples/my_project/bin/native/xtimer.a(xtimer.o)
 .text._xtimer_lltimer_now
                0x000000000804e268       0x31 /media/tamas/Data/RIOT/RIOT/examples/my_project/bin/native/xtimer.a(xtimer.o)
 .text._xtimer_spin
                0x000000000804e299       0x41 /media/tamas/Data/RIOT/RIOT/examples/my_project/bin/native/xtimer.a(xtimer.o)
 .text._callback_unlock_mutex
                0x000000000804e2da       0x3f /media/tamas/Data/RIOT/RIOT/examples/my_project/bin/native/xtimer.a(xtimer.o)
 .text._xtimer_tsleep
                0x000000000804e319       0xb2 /media/tamas/Data/RIOT/RIOT/examples/my_project/bin/native/xtimer.a(xtimer.o)
                0x000000000804e319                _xtimer_tsleep
 .text._callback_wakeup
                0x000000000804e3cb       0x3b /media/tamas/Data/RIOT/RIOT/examples/my_project/bin/native/xtimer.a(xtimer.o)
 .text._xtimer_set_wakeup64
                0x000000000804e406       0x73 /media/tamas/Data/RIOT/RIOT/examples/my_project/bin/native/xtimer.a(xtimer.o)
                0x000000000804e406                _xtimer_set_wakeup64
 .text.periph_init
                0x000000000804e479       0x2a /media/tamas/Data/RIOT/RIOT/examples/my_project/bin/native/periph_common.a(init.o)
                0x000000000804e479                periph_init
 .text.auto_init
                0x000000000804e4a3       0x39 /media/tamas/Data/RIOT/RIOT/examples/my_project/bin/native/auto_init.a(auto_init.o)
                0x000000000804e4a3                auto_init
 .text.auto_init_netdev_tap
                0x000000000804e4dc       0x9e /media/tamas/Data/RIOT/RIOT/examples/my_project/bin/native/auto_init_gnrc_netif.a(auto_init_netdev_tap.o)
                0x000000000804e4dc                auto_init_netdev_tap
 .text.list_remove_head
                0x000000000804e57a       0x45 /media/tamas/Data/RIOT/RIOT/examples/my_project/bin/native/core.a(mutex.o)
 .text._mutex_lock
                0x000000000804e5bf       0xde /media/tamas/Data/RIOT/RIOT/examples/my_project/bin/native/core.a(mutex.o)
                0x000000000804e5bf                _mutex_lock
 .text.mutex_unlock
                0x000000000804e69d       0xe0 /media/tamas/Data/RIOT/RIOT/examples/my_project/bin/native/core.a(mutex.o)
                0x000000000804e69d                mutex_unlock
 .text.mutex_unlock_and_sleep
                0x000000000804e77d       0xba /media/tamas/Data/RIOT/RIOT/examples/my_project/bin/native/core.a(mutex.o)
                0x000000000804e77d                mutex_unlock_and_sleep
 .text.priority_queue_remove
                0x000000000804e837       0x68 /media/tamas/Data/RIOT/RIOT/examples/my_project/bin/native/core.a(priority_queue.o)
                0x000000000804e837                priority_queue_remove
 .text.priority_queue_remove_head
                0x000000000804e89f       0x45 /media/tamas/Data/RIOT/RIOT/examples/my_project/bin/native/core.a(priority_queue.o)
                0x000000000804e89f                priority_queue_remove_head
 .text.priority_queue_add
                0x000000000804e8e4       0x99 /media/tamas/Data/RIOT/RIOT/examples/my_project/bin/native/core.a(priority_queue.o)
                0x000000000804e8e4                priority_queue_add
 .text.pid_is_valid
                0x000000000804e97d       0x45 /media/tamas/Data/RIOT/RIOT/examples/my_project/bin/native/core.a(msg.o)
 .text.list_remove_head
                0x000000000804e9c2       0x45 /media/tamas/Data/RIOT/RIOT/examples/my_project/bin/native/core.a(msg.o)
 .text.cib_init
                0x000000000804ea07       0x78 /media/tamas/Data/RIOT/RIOT/examples/my_project/bin/native/core.a(msg.o)
 .text.cib_avail
                0x000000000804ea7f       0x39 /media/tamas/Data/RIOT/RIOT/examples/my_project/bin/native/core.a(msg.o)
 .text.cib_get  0x000000000804eab8       0x58 /media/tamas/Data/RIOT/RIOT/examples/my_project/bin/native/core.a(msg.o)
 .text.cib_put  0x000000000804eb10       0x68 /media/tamas/Data/RIOT/RIOT/examples/my_project/bin/native/core.a(msg.o)
 .text.queue_msg
                0x000000000804eb78       0x78 /media/tamas/Data/RIOT/RIOT/examples/my_project/bin/native/core.a(msg.o)
 .text.msg_send
                0x000000000804ebf0       0x86 /media/tamas/Data/RIOT/RIOT/examples/my_project/bin/native/core.a(msg.o)
                0x000000000804ebf0                msg_send
 .text.msg_try_send
                0x000000000804ec76       0x86 /media/tamas/Data/RIOT/RIOT/examples/my_project/bin/native/core.a(msg.o)
                0x000000000804ec76                msg_try_send
 .text._msg_send
                0x000000000804ecfc      0x19e /media/tamas/Data/RIOT/RIOT/examples/my_project/bin/native/core.a(msg.o)
 .text.msg_send_to_self
                0x000000000804ee9a       0x67 /media/tamas/Data/RIOT/RIOT/examples/my_project/bin/native/core.a(msg.o)
                0x000000000804ee9a                msg_send_to_self
 .text.msg_send_int
                0x000000000804ef01       0xba /media/tamas/Data/RIOT/RIOT/examples/my_project/bin/native/core.a(msg.o)
                0x000000000804ef01                msg_send_int
 .text.msg_reply
                0x000000000804efbb       0xdb /media/tamas/Data/RIOT/RIOT/examples/my_project/bin/native/core.a(msg.o)
                0x000000000804efbb                msg_reply
 .text.msg_receive
                0x000000000804f096       0x3a /media/tamas/Data/RIOT/RIOT/examples/my_project/bin/native/core.a(msg.o)
                0x000000000804f096                msg_receive
 .text._msg_receive
                0x000000000804f0d0      0x1dd /media/tamas/Data/RIOT/RIOT/examples/my_project/bin/native/core.a(msg.o)
 .text.msg_init_queue
                0x000000000804f2ad       0x58 /media/tamas/Data/RIOT/RIOT/examples/my_project/bin/native/core.a(msg.o)
                0x000000000804f2ad                msg_init_queue
 .text._async_io_isr